2026-05-18 10:19:09,384 | INFO | Source run: runs/l_mnist_gfr_per_seed_20260515_100137
2026-05-18 10:19:09,384 | INFO | Output directory: runs/l_mnist_stage1_rnn_param_match_20260518_000000
2026-05-18 10:19:09,384 | INFO | GPU pool: [4, 6]
2026-05-18 10:19:09,388 | INFO | Run seeds: [1234, 1235, 1236, 1237, 1238]
2026-05-18 10:19:09,389 | INFO | RNN hidden_dim=68 trainable_params=7354; matched Stage-1 GFR hidden_dim=65 trainable_params=7355
2026-05-18 10:19:14,979 | INFO | SpawnProcess-1 | stage1_run2 | assigned_gpu=6 | seed=1235
2026-05-18 10:19:15,053 | INFO | SpawnProcess-2 | stage1_run1 | assigned_gpu=4 | seed=1234
2026-05-18 10:19:15,215 | INFO | SpawnProcess-1 | stage1_run2 | trainable_params=7355 | epochs=300
2026-05-18 10:19:15,418 | INFO | SpawnProcess-2 | stage1_run1 | trainable_params=7355 | epochs=300
2026-05-18 10:19:37,804 | INFO | SpawnProcess-1 | stage1_run2 | Epoch 001 | train_loss=238.8834 | train_acc=0.2604 | test_loss=34.0674 | test_acc=0.1817
2026-05-18 10:19:42,667 | INFO | SpawnProcess-2 | stage1_run1 | Epoch 001 | train_loss=237.9590 | train_acc=0.2756 | test_loss=32.8944 | test_acc=0.1947
2026-05-18 10:20:00,849 | INFO | SpawnProcess-1 | stage1_run2 | Epoch 002 | train_loss=169.5639 | train_acc=0.5031 | test_loss=24.4816 | test_acc=0.2826
2026-05-18 10:20:06,214 | INFO | SpawnProcess-2 | stage1_run1 | Epoch 002 | train_loss=166.5772 | train_acc=0.5092 | test_loss=24.4644 | test_acc=0.2850
2026-05-18 10:20:19,965 | INFO | SpawnProcess-1 | stage1_run2 | Epoch 003 | train_loss=123.8252 | train_acc=0.6369 | test_loss=18.6954 | test_acc=0.3856
2026-05-18 10:20:25,769 | INFO | SpawnProcess-2 | stage1_run1 | Epoch 003 | train_loss=128.8198 | train_acc=0.6330 | test_loss=19.1540 | test_acc=0.3716
2026-05-18 10:20:41,344 | INFO | SpawnProcess-1 | stage1_run2 | Epoch 004 | train_loss=97.5015 | train_acc=0.7166 | test_loss=15.0646 | test_acc=0.4985
2026-05-18 10:20:49,508 | INFO | SpawnProcess-2 | stage1_run1 | Epoch 004 | train_loss=98.6762 | train_acc=0.7318 | test_loss=14.9239 | test_acc=0.4821
2026-05-18 10:21:02,651 | INFO | SpawnProcess-1 | stage1_run2 | Epoch 005 | train_loss=85.4662 | train_acc=0.7513 | test_loss=13.8078 | test_acc=0.5655
2026-05-18 10:21:11,142 | INFO | SpawnProcess-2 | stage1_run1 | Epoch 005 | train_loss=79.9513 | train_acc=0.7748 | test_loss=13.3340 | test_acc=0.4718
2026-05-18 10:21:27,339 | INFO | SpawnProcess-1 | stage1_run2 | Epoch 006 | train_loss=77.4707 | train_acc=0.7725 | test_loss=12.8239 | test_acc=0.5442
2026-05-18 10:21:33,262 | INFO | SpawnProcess-2 | stage1_run1 | Epoch 006 | train_loss=69.6964 | train_acc=0.7996 | test_loss=10.8166 | test_acc=0.5745
2026-05-18 10:21:49,609 | INFO | SpawnProcess-1 | stage1_run2 | Epoch 007 | train_loss=72.4775 | train_acc=0.7864 | test_loss=11.4016 | test_acc=0.5926
2026-05-18 10:22:00,166 | INFO | SpawnProcess-2 | stage1_run1 | Epoch 007 | train_loss=63.9143 | train_acc=0.8145 | test_loss=9.8923 | test_acc=0.6184
2026-05-18 10:22:09,793 | INFO | SpawnProcess-1 | stage1_run2 | Epoch 008 | train_loss=67.6325 | train_acc=0.7976 | test_loss=10.5875 | test_acc=0.5931
2026-05-18 10:22:26,101 | INFO | SpawnProcess-2 | stage1_run1 | Epoch 008 | train_loss=59.1396 | train_acc=0.8307 | test_loss=9.4365 | test_acc=0.5949
2026-05-18 10:22:29,359 | INFO | SpawnProcess-1 | stage1_run2 | Epoch 009 | train_loss=62.8698 | train_acc=0.8116 | test_loss=9.8567 | test_acc=0.5905
2026-05-18 10:22:52,775 | INFO | SpawnProcess-1 | stage1_run2 | Epoch 010 | train_loss=59.5639 | train_acc=0.8191 | test_loss=9.3896 | test_acc=0.6153
2026-05-18 10:22:53,247 | INFO | SpawnProcess-2 | stage1_run1 | Epoch 009 | train_loss=55.0346 | train_acc=0.8442 | test_loss=9.1365 | test_acc=0.6030
2026-05-18 10:23:16,972 | INFO | SpawnProcess-1 | stage1_run2 | Epoch 011 | train_loss=56.1750 | train_acc=0.8295 | test_loss=9.4564 | test_acc=0.6261
2026-05-18 10:23:18,304 | INFO | SpawnProcess-2 | stage1_run1 | Epoch 010 | train_loss=50.6600 | train_acc=0.8639 | test_loss=8.1045 | test_acc=0.6319
2026-05-18 10:23:39,281 | INFO | SpawnProcess-2 | stage1_run1 | Epoch 011 | train_loss=47.9275 | train_acc=0.8774 | test_loss=8.5500 | test_acc=0.6776
2026-05-18 10:23:39,312 | INFO | SpawnProcess-1 | stage1_run2 | Epoch 012 | train_loss=52.9470 | train_acc=0.8391 | test_loss=8.9774 | test_acc=0.6131
2026-05-18 10:24:00,472 | INFO | SpawnProcess-1 | stage1_run2 | Epoch 013 | train_loss=50.1388 | train_acc=0.8476 | test_loss=8.4972 | test_acc=0.6831
2026-05-18 10:24:04,242 | INFO | SpawnProcess-2 | stage1_run1 | Epoch 012 | train_loss=43.5136 | train_acc=0.8920 | test_loss=7.5104 | test_acc=0.6626
2026-05-18 10:24:22,460 | INFO | SpawnProcess-1 | stage1_run2 | Epoch 014 | train_loss=48.4046 | train_acc=0.8555 | test_loss=7.6542 | test_acc=0.6766
2026-05-18 10:24:27,448 | INFO | SpawnProcess-2 | stage1_run1 | Epoch 013 | train_loss=39.5591 | train_acc=0.9024 | test_loss=6.4135 | test_acc=0.7024
2026-05-18 10:24:47,509 | INFO | SpawnProcess-1 | stage1_run2 | Epoch 015 | train_loss=45.1957 | train_acc=0.8723 | test_loss=7.4719 | test_acc=0.6667
2026-05-18 10:24:48,100 | INFO | SpawnProcess-2 | stage1_run1 | Epoch 014 | train_loss=38.0272 | train_acc=0.9068 | test_loss=6.0516 | test_acc=0.7143
2026-05-18 10:25:09,778 | INFO | SpawnProcess-2 | stage1_run1 | Epoch 015 | train_loss=36.1932 | train_acc=0.9106 | test_loss=6.1799 | test_acc=0.7123
2026-05-18 10:25:11,741 | INFO | SpawnProcess-1 | stage1_run2 | Epoch 016 | train_loss=40.8733 | train_acc=0.8905 | test_loss=6.7478 | test_acc=0.6817
2026-05-18 10:25:29,682 | INFO | SpawnProcess-2 | stage1_run1 | Epoch 016 | train_loss=34.3711 | train_acc=0.9167 | test_loss=5.6054 | test_acc=0.7615
2026-05-18 10:25:33,681 | INFO | SpawnProcess-1 | stage1_run2 | Epoch 017 | train_loss=38.6172 | train_acc=0.8965 | test_loss=6.9264 | test_acc=0.7063
2026-05-18 10:25:53,861 | INFO | SpawnProcess-2 | stage1_run1 | Epoch 017 | train_loss=33.6193 | train_acc=0.9186 | test_loss=7.7727 | test_acc=0.7224
2026-05-18 10:25:55,159 | INFO | SpawnProcess-1 | stage1_run2 | Epoch 018 | train_loss=35.4754 | train_acc=0.9061 | test_loss=5.6242 | test_acc=0.7482
2026-05-18 10:26:14,826 | INFO | SpawnProcess-2 | stage1_run1 | Epoch 018 | train_loss=31.5795 | train_acc=0.9226 | test_loss=5.2725 | test_acc=0.7392
2026-05-18 10:26:16,681 | INFO | SpawnProcess-1 | stage1_run2 | Epoch 019 | train_loss=33.4030 | train_acc=0.9131 | test_loss=5.5383 | test_acc=0.7245
2026-05-18 10:26:35,301 | INFO | SpawnProcess-1 | stage1_run2 | Epoch 020 | train_loss=30.4862 | train_acc=0.9222 | test_loss=4.9977 | test_acc=0.7338
2026-05-18 10:26:37,641 | INFO | SpawnProcess-2 | stage1_run1 | Epoch 019 | train_loss=31.4444 | train_acc=0.9240 | test_loss=5.0363 | test_acc=0.7277
2026-05-18 10:26:55,587 | INFO | SpawnProcess-1 | stage1_run2 | Epoch 021 | train_loss=29.2447 | train_acc=0.9263 | test_loss=5.0136 | test_acc=0.7784
2026-05-18 10:27:00,718 | INFO | SpawnProcess-2 | stage1_run1 | Epoch 020 | train_loss=29.3365 | train_acc=0.9286 | test_loss=4.8826 | test_acc=0.7473
2026-05-18 10:27:15,088 | INFO | SpawnProcess-1 | stage1_run2 | Epoch 022 | train_loss=28.1838 | train_acc=0.9286 | test_loss=4.5000 | test_acc=0.7638
2026-05-18 10:27:22,433 | INFO | SpawnProcess-2 | stage1_run1 | Epoch 021 | train_loss=28.3900 | train_acc=0.9307 | test_loss=4.7387 | test_acc=0.7827
2026-05-18 10:27:35,122 | INFO | SpawnProcess-1 | stage1_run2 | Epoch 023 | train_loss=26.7695 | train_acc=0.9331 | test_loss=4.4665 | test_acc=0.7470
2026-05-18 10:27:41,934 | INFO | SpawnProcess-2 | stage1_run1 | Epoch 022 | train_loss=27.2595 | train_acc=0.9336 | test_loss=4.8937 | test_acc=0.7610
2026-05-18 10:27:56,935 | INFO | SpawnProcess-1 | stage1_run2 | Epoch 024 | train_loss=25.8949 | train_acc=0.9357 | test_loss=4.6678 | test_acc=0.7255
2026-05-18 10:28:07,924 | INFO | SpawnProcess-2 | stage1_run1 | Epoch 023 | train_loss=26.5216 | train_acc=0.9363 | test_loss=4.2208 | test_acc=0.7588
2026-05-18 10:28:19,934 | INFO | SpawnProcess-1 | stage1_run2 | Epoch 025 | train_loss=24.7228 | train_acc=0.9391 | test_loss=4.1257 | test_acc=0.7588
2026-05-18 10:28:32,819 | INFO | SpawnProcess-2 | stage1_run1 | Epoch 024 | train_loss=25.7676 | train_acc=0.9382 | test_loss=5.1066 | test_acc=0.7425
2026-05-18 10:28:41,233 | INFO | SpawnProcess-1 | stage1_run2 | Epoch 026 | train_loss=24.0858 | train_acc=0.9400 | test_loss=4.8795 | test_acc=0.8195
2026-05-18 10:28:56,723 | INFO | SpawnProcess-2 | stage1_run1 | Epoch 025 | train_loss=26.2490 | train_acc=0.9360 | test_loss=4.7854 | test_acc=0.7760
2026-05-18 10:29:03,847 | INFO | SpawnProcess-1 | stage1_run2 | Epoch 027 | train_loss=23.3435 | train_acc=0.9426 | test_loss=4.8785 | test_acc=0.8125
2026-05-18 10:29:19,431 | INFO | SpawnProcess-2 | stage1_run1 | Epoch 026 | train_loss=24.3431 | train_acc=0.9418 | test_loss=4.8145 | test_acc=0.7921
2026-05-18 10:29:26,932 | INFO | SpawnProcess-1 | stage1_run2 | Epoch 028 | train_loss=22.4734 | train_acc=0.9450 | test_loss=4.1449 | test_acc=0.7687
2026-05-18 10:29:42,842 | INFO | SpawnProcess-2 | stage1_run1 | Epoch 027 | train_loss=24.5290 | train_acc=0.9405 | test_loss=4.1690 | test_acc=0.7632
2026-05-18 10:29:50,719 | INFO | SpawnProcess-1 | stage1_run2 | Epoch 029 | train_loss=22.3565 | train_acc=0.9445 | test_loss=3.7514 | test_acc=0.8065
2026-05-18 10:30:07,757 | INFO | SpawnProcess-2 | stage1_run1 | Epoch 028 | train_loss=23.2038 | train_acc=0.9438 | test_loss=4.0604 | test_acc=0.7846
2026-05-18 10:30:09,717 | INFO | SpawnProcess-1 | stage1_run2 | Epoch 030 | train_loss=21.1415 | train_acc=0.9482 | test_loss=3.5903 | test_acc=0.8201
2026-05-18 10:30:31,509 | INFO | SpawnProcess-1 | stage1_run2 | Epoch 031 | train_loss=20.3053 | train_acc=0.9503 | test_loss=3.8319 | test_acc=0.7853
2026-05-18 10:30:32,919 | INFO | SpawnProcess-2 | stage1_run1 | Epoch 029 | train_loss=22.3801 | train_acc=0.9469 | test_loss=4.4272 | test_acc=0.7785
2026-05-18 10:30:53,933 | INFO | SpawnProcess-2 | stage1_run1 | Epoch 030 | train_loss=21.5454 | train_acc=0.9483 | test_loss=4.1685 | test_acc=0.7688
2026-05-18 10:30:55,210 | INFO | SpawnProcess-1 | stage1_run2 | Epoch 032 | train_loss=19.5786 | train_acc=0.9522 | test_loss=3.3149 | test_acc=0.8167
2026-05-18 10:31:13,878 | INFO | SpawnProcess-1 | stage1_run2 | Epoch 033 | train_loss=19.4194 | train_acc=0.9525 | test_loss=3.3174 | test_acc=0.8206
2026-05-18 10:31:17,658 | INFO | SpawnProcess-2 | stage1_run1 | Epoch 031 | train_loss=21.6668 | train_acc=0.9482 | test_loss=3.7309 | test_acc=0.7891
2026-05-18 10:31:33,945 | INFO | SpawnProcess-1 | stage1_run2 | Epoch 034 | train_loss=19.2922 | train_acc=0.9526 | test_loss=3.2951 | test_acc=0.7920
2026-05-18 10:31:39,542 | INFO | SpawnProcess-2 | stage1_run1 | Epoch 032 | train_loss=21.5987 | train_acc=0.9484 | test_loss=4.9158 | test_acc=0.8161
2026-05-18 10:31:54,068 | INFO | SpawnProcess-1 | stage1_run2 | Epoch 035 | train_loss=18.8621 | train_acc=0.9540 | test_loss=3.4003 | test_acc=0.8433
2026-05-18 10:32:02,638 | INFO | SpawnProcess-2 | stage1_run1 | Epoch 033 | train_loss=20.7101 | train_acc=0.9503 | test_loss=3.4071 | test_acc=0.7981
2026-05-18 10:32:16,178 | INFO | SpawnProcess-1 | stage1_run2 | Epoch 036 | train_loss=18.7909 | train_acc=0.9530 | test_loss=3.1085 | test_acc=0.8416
2026-05-18 10:32:28,315 | INFO | SpawnProcess-2 | stage1_run1 | Epoch 034 | train_loss=19.9663 | train_acc=0.9527 | test_loss=3.9851 | test_acc=0.8007
2026-05-18 10:32:39,183 | INFO | SpawnProcess-1 | stage1_run2 | Epoch 037 | train_loss=17.9037 | train_acc=0.9559 | test_loss=3.8420 | test_acc=0.8556
2026-05-18 10:32:50,978 | INFO | SpawnProcess-2 | stage1_run1 | Epoch 035 | train_loss=19.8347 | train_acc=0.9523 | test_loss=4.0719 | test_acc=0.7502
2026-05-18 10:33:04,449 | INFO | SpawnProcess-1 | stage1_run2 | Epoch 038 | train_loss=17.7144 | train_acc=0.9561 | test_loss=3.6152 | test_acc=0.7991
2026-05-18 10:33:16,508 | INFO | SpawnProcess-2 | stage1_run1 | Epoch 036 | train_loss=20.1771 | train_acc=0.9504 | test_loss=3.5490 | test_acc=0.7906
2026-05-18 10:33:27,050 | INFO | SpawnProcess-1 | stage1_run2 | Epoch 039 | train_loss=17.0914 | train_acc=0.9577 | test_loss=3.6874 | test_acc=0.7943
2026-05-18 10:33:41,314 | INFO | SpawnProcess-2 | stage1_run1 | Epoch 037 | train_loss=19.5409 | train_acc=0.9531 | test_loss=3.4969 | test_acc=0.7892
2026-05-18 10:33:48,876 | INFO | SpawnProcess-1 | stage1_run2 | Epoch 040 | train_loss=16.3881 | train_acc=0.9597 | test_loss=3.0253 | test_acc=0.8168
2026-05-18 10:34:05,599 | INFO | SpawnProcess-2 | stage1_run1 | Epoch 038 | train_loss=17.9423 | train_acc=0.9568 | test_loss=3.7593 | test_acc=0.8197
2026-05-18 10:34:10,187 | INFO | SpawnProcess-1 | stage1_run2 | Epoch 041 | train_loss=16.2639 | train_acc=0.9587 | test_loss=3.0506 | test_acc=0.8128
2026-05-18 10:34:27,517 | INFO | SpawnProcess-2 | stage1_run1 | Epoch 039 | train_loss=17.8302 | train_acc=0.9581 | test_loss=3.4544 | test_acc=0.7872
2026-05-18 10:34:32,320 | INFO | SpawnProcess-1 | stage1_run2 | Epoch 042 | train_loss=15.8638 | train_acc=0.9605 | test_loss=2.8455 | test_acc=0.8841
2026-05-18 10:34:52,098 | INFO | SpawnProcess-2 | stage1_run1 | Epoch 040 | train_loss=17.8696 | train_acc=0.9575 | test_loss=3.1838 | test_acc=0.8292
2026-05-18 10:34:58,342 | INFO | SpawnProcess-1 | stage1_run2 | Epoch 043 | train_loss=16.2377 | train_acc=0.9589 | test_loss=3.1153 | test_acc=0.8085
2026-05-18 10:35:12,991 | INFO | SpawnProcess-2 | stage1_run1 | Epoch 041 | train_loss=17.8486 | train_acc=0.9575 | test_loss=3.6255 | test_acc=0.7763
2026-05-18 10:35:19,935 | INFO | SpawnProcess-1 | stage1_run2 | Epoch 044 | train_loss=15.6675 | train_acc=0.9613 | test_loss=2.8904 | test_acc=0.8757
2026-05-18 10:35:34,713 | INFO | SpawnProcess-2 | stage1_run1 | Epoch 042 | train_loss=16.8917 | train_acc=0.9600 | test_loss=3.0704 | test_acc=0.8279
2026-05-18 10:35:43,866 | INFO | SpawnProcess-1 | stage1_run2 | Epoch 045 | train_loss=15.4623 | train_acc=0.9611 | test_loss=2.9441 | test_acc=0.8801
2026-05-18 10:35:58,899 | INFO | SpawnProcess-2 | stage1_run1 | Epoch 043 | train_loss=17.0356 | train_acc=0.9597 | test_loss=3.0823 | test_acc=0.8353
2026-05-18 10:36:06,895 | INFO | SpawnProcess-1 | stage1_run2 | Epoch 046 | train_loss=14.4840 | train_acc=0.9641 | test_loss=3.7925 | test_acc=0.8229
2026-05-18 10:36:20,137 | INFO | SpawnProcess-2 | stage1_run1 | Epoch 044 | train_loss=15.8387 | train_acc=0.9625 | test_loss=3.0257 | test_acc=0.8364
2026-05-18 10:36:26,732 | INFO | SpawnProcess-1 | stage1_run2 | Epoch 047 | train_loss=15.2974 | train_acc=0.9617 | test_loss=3.0624 | test_acc=0.8234
2026-05-18 10:36:44,030 | INFO | SpawnProcess-2 | stage1_run1 | Epoch 045 | train_loss=16.6307 | train_acc=0.9602 | test_loss=3.2782 | test_acc=0.7917
2026-05-18 10:36:48,333 | INFO | SpawnProcess-1 | stage1_run2 | Epoch 048 | train_loss=14.6450 | train_acc=0.9633 | test_loss=2.8063 | test_acc=0.8693
2026-05-18 10:37:08,168 | INFO | SpawnProcess-2 | stage1_run1 | Epoch 046 | train_loss=16.3266 | train_acc=0.9609 | test_loss=3.5533 | test_acc=0.8480
2026-05-18 10:37:10,810 | INFO | SpawnProcess-1 | stage1_run2 | Epoch 049 | train_loss=13.6950 | train_acc=0.9660 | test_loss=2.9715 | test_acc=0.8500
2026-05-18 10:37:31,033 | INFO | SpawnProcess-2 | stage1_run1 | Epoch 047 | train_loss=16.1469 | train_acc=0.9614 | test_loss=3.1276 | test_acc=0.8453
2026-05-18 10:37:35,775 | INFO | SpawnProcess-1 | stage1_run2 | Epoch 050 | train_loss=14.0458 | train_acc=0.9650 | test_loss=3.2791 | test_acc=0.7906
2026-05-18 10:37:52,757 | INFO | SpawnProcess-2 | stage1_run1 | Epoch 048 | train_loss=15.8619 | train_acc=0.9623 | test_loss=2.9565 | test_acc=0.8695
2026-05-18 10:38:03,954 | INFO | SpawnProcess-1 | stage1_run2 | Epoch 051 | train_loss=14.5718 | train_acc=0.9632 | test_loss=3.9102 | test_acc=0.9077
2026-05-18 10:38:15,857 | INFO | SpawnProcess-2 | stage1_run1 | Epoch 049 | train_loss=15.8820 | train_acc=0.9619 | test_loss=2.9642 | test_acc=0.8427
2026-05-18 10:38:25,470 | INFO | SpawnProcess-1 | stage1_run2 | Epoch 052 | train_loss=13.9167 | train_acc=0.9646 | test_loss=3.1688 | test_acc=0.8925
2026-05-18 10:38:37,052 | INFO | SpawnProcess-2 | stage1_run1 | Epoch 050 | train_loss=14.8691 | train_acc=0.9646 | test_loss=2.8030 | test_acc=0.8427
2026-05-18 10:38:47,472 | INFO | SpawnProcess-1 | stage1_run2 | Epoch 053 | train_loss=13.4870 | train_acc=0.9666 | test_loss=2.7056 | test_acc=0.8560
2026-05-18 10:39:01,777 | INFO | SpawnProcess-2 | stage1_run1 | Epoch 051 | train_loss=14.2714 | train_acc=0.9665 | test_loss=2.9465 | test_acc=0.8376
2026-05-18 10:39:10,032 | INFO | SpawnProcess-1 | stage1_run2 | Epoch 054 | train_loss=13.6184 | train_acc=0.9656 | test_loss=2.9539 | test_acc=0.8594
2026-05-18 10:39:25,780 | INFO | SpawnProcess-2 | stage1_run1 | Epoch 052 | train_loss=14.7754 | train_acc=0.9645 | test_loss=3.4143 | test_acc=0.8422
2026-05-18 10:39:32,330 | INFO | SpawnProcess-1 | stage1_run2 | Epoch 055 | train_loss=13.9694 | train_acc=0.9651 | test_loss=2.7316 | test_acc=0.9117
2026-05-18 10:39:46,529 | INFO | SpawnProcess-2 | stage1_run1 | Epoch 053 | train_loss=14.2895 | train_acc=0.9660 | test_loss=3.0093 | test_acc=0.8398
2026-05-18 10:39:56,796 | INFO | SpawnProcess-1 | stage1_run2 | Epoch 056 | train_loss=12.7917 | train_acc=0.9680 | test_loss=2.5543 | test_acc=0.8560
2026-05-18 10:40:12,211 | INFO | SpawnProcess-2 | stage1_run1 | Epoch 054 | train_loss=13.9492 | train_acc=0.9670 | test_loss=3.2319 | test_acc=0.8672
2026-05-18 10:40:18,299 | INFO | SpawnProcess-1 | stage1_run2 | Epoch 057 | train_loss=12.9546 | train_acc=0.9677 | test_loss=2.5891 | test_acc=0.8953
2026-05-18 10:40:37,368 | INFO | SpawnProcess-2 | stage1_run1 | Epoch 055 | train_loss=14.5513 | train_acc=0.9649 | test_loss=3.3195 | test_acc=0.8731
2026-05-18 10:40:39,183 | INFO | SpawnProcess-1 | stage1_run2 | Epoch 058 | train_loss=12.9579 | train_acc=0.9671 | test_loss=2.8815 | test_acc=0.9018
2026-05-18 10:41:01,630 | INFO | SpawnProcess-1 | stage1_run2 | Epoch 059 | train_loss=12.3161 | train_acc=0.9688 | test_loss=2.3603 | test_acc=0.8747
2026-05-18 10:41:01,909 | INFO | SpawnProcess-2 | stage1_run1 | Epoch 056 | train_loss=13.9593 | train_acc=0.9667 | test_loss=3.3606 | test_acc=0.8108
2026-05-18 10:41:22,646 | INFO | SpawnProcess-2 | stage1_run1 | Epoch 057 | train_loss=13.6035 | train_acc=0.9688 | test_loss=2.8632 | test_acc=0.8426
2026-05-18 10:41:24,785 | INFO | SpawnProcess-1 | stage1_run2 | Epoch 060 | train_loss=11.9482 | train_acc=0.9704 | test_loss=2.5891 | test_acc=0.8778
2026-05-18 10:41:45,084 | INFO | SpawnProcess-2 | stage1_run1 | Epoch 058 | train_loss=13.5240 | train_acc=0.9683 | test_loss=2.8744 | test_acc=0.8664
2026-05-18 10:41:45,358 | INFO | SpawnProcess-1 | stage1_run2 | Epoch 061 | train_loss=11.7941 | train_acc=0.9706 | test_loss=2.5689 | test_acc=0.8531
2026-05-18 10:42:04,847 | INFO | SpawnProcess-1 | stage1_run2 | Epoch 062 | train_loss=12.1203 | train_acc=0.9696 | test_loss=2.7255 | test_acc=0.8402
2026-05-18 10:42:08,016 | INFO | SpawnProcess-2 | stage1_run1 | Epoch 059 | train_loss=13.5654 | train_acc=0.9673 | test_loss=2.8034 | test_acc=0.8746
2026-05-18 10:42:26,610 | INFO | SpawnProcess-1 | stage1_run2 | Epoch 063 | train_loss=11.3074 | train_acc=0.9716 | test_loss=3.3653 | test_acc=0.8964
2026-05-18 10:42:29,020 | INFO | SpawnProcess-2 | stage1_run1 | Epoch 060 | train_loss=13.7121 | train_acc=0.9673 | test_loss=2.6983 | test_acc=0.8706
2026-05-18 10:42:51,515 | INFO | SpawnProcess-1 | stage1_run2 | Epoch 064 | train_loss=11.2681 | train_acc=0.9720 | test_loss=2.6454 | test_acc=0.8635
2026-05-18 10:42:51,859 | INFO | SpawnProcess-2 | stage1_run1 | Epoch 061 | train_loss=13.1215 | train_acc=0.9690 | test_loss=2.5292 | test_acc=0.8600
2026-05-18 10:43:12,067 | INFO | SpawnProcess-1 | stage1_run2 | Epoch 065 | train_loss=11.7039 | train_acc=0.9709 | test_loss=2.2924 | test_acc=0.9054
2026-05-18 10:43:17,133 | INFO | SpawnProcess-2 | stage1_run1 | Epoch 062 | train_loss=12.6538 | train_acc=0.9700 | test_loss=2.6405 | test_acc=0.9036
2026-05-18 10:43:33,743 | INFO | SpawnProcess-1 | stage1_run2 | Epoch 066 | train_loss=11.2071 | train_acc=0.9718 | test_loss=2.3912 | test_acc=0.8815
2026-05-18 10:43:40,617 | INFO | SpawnProcess-2 | stage1_run1 | Epoch 063 | train_loss=13.0724 | train_acc=0.9684 | test_loss=3.3680 | test_acc=0.8321
2026-05-18 10:43:55,832 | INFO | SpawnProcess-1 | stage1_run2 | Epoch 067 | train_loss=11.0037 | train_acc=0.9727 | test_loss=2.5098 | test_acc=0.8840
2026-05-18 10:44:08,433 | INFO | SpawnProcess-2 | stage1_run1 | Epoch 064 | train_loss=13.5641 | train_acc=0.9678 | test_loss=3.0380 | test_acc=0.8753
2026-05-18 10:44:15,362 | INFO | SpawnProcess-1 | stage1_run2 | Epoch 068 | train_loss=10.7435 | train_acc=0.9734 | test_loss=2.2427 | test_acc=0.8903
2026-05-18 10:44:32,673 | INFO | SpawnProcess-2 | stage1_run1 | Epoch 065 | train_loss=12.3801 | train_acc=0.9706 | test_loss=2.4571 | test_acc=0.8891
2026-05-18 10:44:36,196 | INFO | SpawnProcess-1 | stage1_run2 | Epoch 069 | train_loss=10.5989 | train_acc=0.9741 | test_loss=2.2202 | test_acc=0.8974
2026-05-18 10:44:54,502 | INFO | SpawnProcess-2 | stage1_run1 | Epoch 066 | train_loss=12.5941 | train_acc=0.9701 | test_loss=2.5650 | test_acc=0.8803
2026-05-18 10:44:57,034 | INFO | SpawnProcess-1 | stage1_run2 | Epoch 070 | train_loss=10.8094 | train_acc=0.9729 | test_loss=2.2424 | test_acc=0.8891
2026-05-18 10:45:16,993 | INFO | SpawnProcess-2 | stage1_run1 | Epoch 067 | train_loss=11.6462 | train_acc=0.9726 | test_loss=2.7034 | test_acc=0.8619
2026-05-18 10:45:19,240 | INFO | SpawnProcess-1 | stage1_run2 | Epoch 071 | train_loss=10.5072 | train_acc=0.9737 | test_loss=2.1359 | test_acc=0.8651
2026-05-18 10:45:39,591 | INFO | SpawnProcess-2 | stage1_run1 | Epoch 068 | train_loss=11.9969 | train_acc=0.9709 | test_loss=3.0862 | test_acc=0.8341
2026-05-18 10:45:42,987 | INFO | SpawnProcess-1 | stage1_run2 | Epoch 072 | train_loss=9.8979 | train_acc=0.9756 | test_loss=2.5930 | test_acc=0.8391
2026-05-18 10:46:01,640 | INFO | SpawnProcess-2 | stage1_run1 | Epoch 069 | train_loss=12.0729 | train_acc=0.9716 | test_loss=2.5551 | test_acc=0.8715
2026-05-18 10:46:04,848 | INFO | SpawnProcess-1 | stage1_run2 | Epoch 073 | train_loss=10.4360 | train_acc=0.9735 | test_loss=2.5023 | test_acc=0.9284
2026-05-18 10:46:24,357 | INFO | SpawnProcess-1 | stage1_run2 | Epoch 074 | train_loss=9.7990 | train_acc=0.9754 | test_loss=2.5030 | test_acc=0.8831
2026-05-18 10:46:26,455 | INFO | SpawnProcess-2 | stage1_run1 | Epoch 070 | train_loss=11.8656 | train_acc=0.9716 | test_loss=2.7615 | test_acc=0.8410
2026-05-18 10:46:46,190 | INFO | SpawnProcess-1 | stage1_run2 | Epoch 075 | train_loss=9.7071 | train_acc=0.9757 | test_loss=2.2378 | test_acc=0.8809
2026-05-18 10:46:47,984 | INFO | SpawnProcess-2 | stage1_run1 | Epoch 071 | train_loss=11.8374 | train_acc=0.9714 | test_loss=2.5453 | test_acc=0.8984
2026-05-18 10:47:06,511 | INFO | SpawnProcess-1 | stage1_run2 | Epoch 076 | train_loss=10.1480 | train_acc=0.9746 | test_loss=2.3943 | test_acc=0.9083
2026-05-18 10:47:11,273 | INFO | SpawnProcess-2 | stage1_run1 | Epoch 072 | train_loss=11.1048 | train_acc=0.9743 | test_loss=2.9219 | test_acc=0.8883
2026-05-18 10:47:28,028 | INFO | SpawnProcess-1 | stage1_run2 | Epoch 077 | train_loss=9.9678 | train_acc=0.9751 | test_loss=2.3648 | test_acc=0.8412
2026-05-18 10:47:34,439 | INFO | SpawnProcess-2 | stage1_run1 | Epoch 073 | train_loss=11.0681 | train_acc=0.9740 | test_loss=2.6353 | test_acc=0.8660
2026-05-18 10:47:50,327 | INFO | SpawnProcess-1 | stage1_run2 | Epoch 078 | train_loss=9.9236 | train_acc=0.9748 | test_loss=2.2939 | test_acc=0.9072
2026-05-18 10:47:55,071 | INFO | SpawnProcess-2 | stage1_run1 | Epoch 074 | train_loss=11.4570 | train_acc=0.9728 | test_loss=2.4837 | test_acc=0.8768
2026-05-18 10:48:12,000 | INFO | SpawnProcess-1 | stage1_run2 | Epoch 079 | train_loss=10.1225 | train_acc=0.9748 | test_loss=2.9567 | test_acc=0.8435
2026-05-18 10:48:17,466 | INFO | SpawnProcess-2 | stage1_run1 | Epoch 075 | train_loss=12.0423 | train_acc=0.9709 | test_loss=2.5504 | test_acc=0.8624
2026-05-18 10:48:33,345 | INFO | SpawnProcess-1 | stage1_run2 | Epoch 080 | train_loss=10.1490 | train_acc=0.9743 | test_loss=2.2070 | test_acc=0.8836
2026-05-18 10:48:41,779 | INFO | SpawnProcess-2 | stage1_run1 | Epoch 076 | train_loss=12.1838 | train_acc=0.9709 | test_loss=2.4663 | test_acc=0.8911
2026-05-18 10:48:54,530 | INFO | SpawnProcess-1 | stage1_run2 | Epoch 081 | train_loss=9.9871 | train_acc=0.9753 | test_loss=2.1354 | test_acc=0.8582
2026-05-18 10:49:07,344 | INFO | SpawnProcess-2 | stage1_run1 | Epoch 077 | train_loss=10.9594 | train_acc=0.9731 | test_loss=2.3341 | test_acc=0.9200
2026-05-18 10:49:15,485 | INFO | SpawnProcess-1 | stage1_run2 | Epoch 082 | train_loss=9.3169 | train_acc=0.9768 | test_loss=2.9482 | test_acc=0.9218
2026-05-18 10:49:32,144 | INFO | SpawnProcess-2 | stage1_run1 | Epoch 078 | train_loss=11.0444 | train_acc=0.9735 | test_loss=2.4809 | test_acc=0.8788
2026-05-18 10:49:37,780 | INFO | SpawnProcess-1 | stage1_run2 | Epoch 083 | train_loss=9.2427 | train_acc=0.9774 | test_loss=2.1672 | test_acc=0.8602
2026-05-18 10:49:52,302 | INFO | SpawnProcess-2 | stage1_run1 | Epoch 079 | train_loss=10.6615 | train_acc=0.9742 | test_loss=2.2328 | test_acc=0.9017
2026-05-18 10:50:00,781 | INFO | SpawnProcess-1 | stage1_run2 | Epoch 084 | train_loss=8.7241 | train_acc=0.9781 | test_loss=2.1880 | test_acc=0.8890
2026-05-18 10:50:13,873 | INFO | SpawnProcess-2 | stage1_run1 | Epoch 080 | train_loss=11.4486 | train_acc=0.9719 | test_loss=2.1963 | test_acc=0.8947
2026-05-18 10:50:22,519 | INFO | SpawnProcess-1 | stage1_run2 | Epoch 085 | train_loss=9.0759 | train_acc=0.9774 | test_loss=2.1783 | test_acc=0.9228
2026-05-18 10:50:34,658 | INFO | SpawnProcess-2 | stage1_run1 | Epoch 081 | train_loss=10.5421 | train_acc=0.9743 | test_loss=2.2669 | test_acc=0.8920
2026-05-18 10:50:41,787 | INFO | SpawnProcess-1 | stage1_run2 | Epoch 086 | train_loss=9.0449 | train_acc=0.9774 | test_loss=2.9987 | test_acc=0.8530
2026-05-18 10:50:55,991 | INFO | SpawnProcess-2 | stage1_run1 | Epoch 082 | train_loss=10.4388 | train_acc=0.9747 | test_loss=2.1924 | test_acc=0.8641
2026-05-18 10:51:04,991 | INFO | SpawnProcess-1 | stage1_run2 | Epoch 087 | train_loss=9.1345 | train_acc=0.9773 | test_loss=2.7645 | test_acc=0.8985
2026-05-18 10:51:18,021 | INFO | SpawnProcess-2 | stage1_run1 | Epoch 083 | train_loss=10.1713 | train_acc=0.9753 | test_loss=2.2402 | test_acc=0.8818
2026-05-18 10:51:25,727 | INFO | SpawnProcess-1 | stage1_run2 | Epoch 088 | train_loss=8.4354 | train_acc=0.9792 | test_loss=1.9872 | test_acc=0.9064
2026-05-18 10:51:40,476 | INFO | SpawnProcess-2 | stage1_run1 | Epoch 084 | train_loss=10.6633 | train_acc=0.9743 | test_loss=2.1701 | test_acc=0.8905
2026-05-18 10:51:47,389 | INFO | SpawnProcess-1 | stage1_run2 | Epoch 089 | train_loss=8.2796 | train_acc=0.9798 | test_loss=2.2657 | test_acc=0.8613
2026-05-18 10:52:06,495 | INFO | SpawnProcess-1 | stage1_run2 | Epoch 090 | train_loss=8.3129 | train_acc=0.9793 | test_loss=2.6021 | test_acc=0.9055
2026-05-18 10:52:06,773 | INFO | SpawnProcess-2 | stage1_run1 | Epoch 085 | train_loss=10.6787 | train_acc=0.9745 | test_loss=2.3217 | test_acc=0.9115
2026-05-18 10:52:28,428 | INFO | SpawnProcess-1 | stage1_run2 | Epoch 091 | train_loss=8.6441 | train_acc=0.9784 | test_loss=2.2258 | test_acc=0.8465
2026-05-18 10:52:29,528 | INFO | SpawnProcess-2 | stage1_run1 | Epoch 086 | train_loss=10.2437 | train_acc=0.9752 | test_loss=2.7652 | test_acc=0.9021
2026-05-18 10:52:48,089 | INFO | SpawnProcess-2 | stage1_run1 | Epoch 087 | train_loss=10.3657 | train_acc=0.9752 | test_loss=2.3676 | test_acc=0.8874
2026-05-18 10:52:51,476 | INFO | SpawnProcess-1 | stage1_run2 | Epoch 092 | train_loss=8.7303 | train_acc=0.9783 | test_loss=2.0310 | test_acc=0.8950
2026-05-18 10:53:09,923 | INFO | SpawnProcess-2 | stage1_run1 | Epoch 088 | train_loss=9.7245 | train_acc=0.9771 | test_loss=2.6826 | test_acc=0.8961
2026-05-18 10:53:13,734 | INFO | SpawnProcess-1 | stage1_run2 | Epoch 093 | train_loss=8.3535 | train_acc=0.9790 | test_loss=2.5268 | test_acc=0.8549
2026-05-18 10:53:32,356 | INFO | SpawnProcess-2 | stage1_run1 | Epoch 089 | train_loss=10.5868 | train_acc=0.9747 | test_loss=2.3708 | test_acc=0.8906
2026-05-18 10:53:34,973 | INFO | SpawnProcess-1 | stage1_run2 | Epoch 094 | train_loss=8.3385 | train_acc=0.9794 | test_loss=2.3056 | test_acc=0.8622
2026-05-18 10:53:53,041 | INFO | SpawnProcess-2 | stage1_run1 | Epoch 090 | train_loss=10.3999 | train_acc=0.9748 | test_loss=2.2252 | test_acc=0.8897
2026-05-18 10:53:57,470 | INFO | SpawnProcess-1 | stage1_run2 | Epoch 095 | train_loss=8.6920 | train_acc=0.9782 | test_loss=2.1168 | test_acc=0.9398
2026-05-18 10:54:16,642 | INFO | SpawnProcess-1 | stage1_run2 | Epoch 096 | train_loss=7.8927 | train_acc=0.9805 | test_loss=2.0044 | test_acc=0.8804
2026-05-18 10:54:18,011 | INFO | SpawnProcess-2 | stage1_run1 | Epoch 091 | train_loss=10.1658 | train_acc=0.9758 | test_loss=2.2828 | test_acc=0.8916
2026-05-18 10:54:36,316 | INFO | SpawnProcess-1 | stage1_run2 | Epoch 097 | train_loss=7.3247 | train_acc=0.9817 | test_loss=2.2293 | test_acc=0.8743
2026-05-18 10:54:41,454 | INFO | SpawnProcess-2 | stage1_run1 | Epoch 092 | train_loss=9.6909 | train_acc=0.9765 | test_loss=2.5604 | test_acc=0.8970
2026-05-18 10:54:57,909 | INFO | SpawnProcess-1 | stage1_run2 | Epoch 098 | train_loss=8.1720 | train_acc=0.9793 | test_loss=2.1267 | test_acc=0.8961
2026-05-18 10:55:02,158 | INFO | SpawnProcess-2 | stage1_run1 | Epoch 093 | train_loss=10.0195 | train_acc=0.9766 | test_loss=2.9869 | test_acc=0.8715
2026-05-18 10:55:17,986 | INFO | SpawnProcess-1 | stage1_run2 | Epoch 099 | train_loss=8.1861 | train_acc=0.9791 | test_loss=2.1698 | test_acc=0.8890
2026-05-18 10:55:25,576 | INFO | SpawnProcess-2 | stage1_run1 | Epoch 094 | train_loss=10.2277 | train_acc=0.9762 | test_loss=2.5504 | test_acc=0.8962
2026-05-18 10:55:37,625 | INFO | SpawnProcess-1 | stage1_run2 | Epoch 100 | train_loss=8.5104 | train_acc=0.9786 | test_loss=2.1717 | test_acc=0.8737
2026-05-18 10:55:49,487 | INFO | SpawnProcess-2 | stage1_run1 | Epoch 095 | train_loss=9.7491 | train_acc=0.9768 | test_loss=2.0626 | test_acc=0.8981
2026-05-18 10:55:58,474 | INFO | SpawnProcess-1 | stage1_run2 | Epoch 101 | train_loss=7.8771 | train_acc=0.9801 | test_loss=2.1649 | test_acc=0.8902
2026-05-18 10:56:09,857 | INFO | SpawnProcess-2 | stage1_run1 | Epoch 096 | train_loss=9.5922 | train_acc=0.9763 | test_loss=2.1317 | test_acc=0.8964
2026-05-18 10:56:18,901 | INFO | SpawnProcess-1 | stage1_run2 | Epoch 102 | train_loss=7.1579 | train_acc=0.9822 | test_loss=1.9018 | test_acc=0.8653
2026-05-18 10:56:29,544 | INFO | SpawnProcess-2 | stage1_run1 | Epoch 097 | train_loss=9.4135 | train_acc=0.9776 | test_loss=2.1863 | test_acc=0.8784
2026-05-18 10:56:41,806 | INFO | SpawnProcess-1 | stage1_run2 | Epoch 103 | train_loss=7.7659 | train_acc=0.9802 | test_loss=2.0410 | test_acc=0.8852
2026-05-18 10:56:51,282 | INFO | SpawnProcess-2 | stage1_run1 | Epoch 098 | train_loss=9.5472 | train_acc=0.9771 | test_loss=2.1369 | test_acc=0.9157
2026-05-18 10:57:01,644 | INFO | SpawnProcess-1 | stage1_run2 | Epoch 104 | train_loss=7.5285 | train_acc=0.9810 | test_loss=2.0548 | test_acc=0.9049
2026-05-18 10:57:12,258 | INFO | SpawnProcess-2 | stage1_run1 | Epoch 099 | train_loss=9.5652 | train_acc=0.9768 | test_loss=2.2930 | test_acc=0.8691
2026-05-18 10:57:21,447 | INFO | SpawnProcess-1 | stage1_run2 | Epoch 105 | train_loss=7.1788 | train_acc=0.9822 | test_loss=2.0675 | test_acc=0.9353
2026-05-18 10:57:34,983 | INFO | SpawnProcess-2 | stage1_run1 | Epoch 100 | train_loss=8.9286 | train_acc=0.9782 | test_loss=1.9667 | test_acc=0.9235
2026-05-18 10:57:44,479 | INFO | SpawnProcess-1 | stage1_run2 | Epoch 106 | train_loss=7.2025 | train_acc=0.9812 | test_loss=1.8290 | test_acc=0.9052
2026-05-18 10:58:01,235 | INFO | SpawnProcess-2 | stage1_run1 | Epoch 101 | train_loss=9.4947 | train_acc=0.9770 | test_loss=2.2308 | test_acc=0.9165
2026-05-18 10:58:02,529 | INFO | SpawnProcess-1 | stage1_run2 | Epoch 107 | train_loss=7.4489 | train_acc=0.9810 | test_loss=2.1170 | test_acc=0.9185
2026-05-18 10:58:21,468 | INFO | SpawnProcess-2 | stage1_run1 | Epoch 102 | train_loss=9.0719 | train_acc=0.9785 | test_loss=2.2040 | test_acc=0.9167
2026-05-18 10:58:27,929 | INFO | SpawnProcess-1 | stage1_run2 | Epoch 108 | train_loss=7.0541 | train_acc=0.9822 | test_loss=2.4125 | test_acc=0.8581
2026-05-18 10:58:41,077 | INFO | SpawnProcess-2 | stage1_run1 | Epoch 103 | train_loss=9.2018 | train_acc=0.9779 | test_loss=2.6057 | test_acc=0.8803
2026-05-18 10:58:48,658 | INFO | SpawnProcess-1 | stage1_run2 | Epoch 109 | train_loss=7.3577 | train_acc=0.9810 | test_loss=1.9233 | test_acc=0.9183
2026-05-18 10:59:00,908 | INFO | SpawnProcess-2 | stage1_run1 | Epoch 104 | train_loss=9.1448 | train_acc=0.9781 | test_loss=2.6877 | test_acc=0.8845
2026-05-18 10:59:12,273 | INFO | SpawnProcess-1 | stage1_run2 | Epoch 110 | train_loss=7.1822 | train_acc=0.9820 | test_loss=2.3172 | test_acc=0.9172
2026-05-18 10:59:21,608 | INFO | SpawnProcess-2 | stage1_run1 | Epoch 105 | train_loss=9.1364 | train_acc=0.9779 | test_loss=2.0644 | test_acc=0.9228
2026-05-18 10:59:36,174 | INFO | SpawnProcess-1 | stage1_run2 | Epoch 111 | train_loss=6.8792 | train_acc=0.9825 | test_loss=1.9047 | test_acc=0.8961
2026-05-18 10:59:41,276 | INFO | SpawnProcess-2 | stage1_run1 | Epoch 106 | train_loss=8.7373 | train_acc=0.9790 | test_loss=2.6158 | test_acc=0.8944
2026-05-18 10:59:57,340 | INFO | SpawnProcess-1 | stage1_run2 | Epoch 112 | train_loss=6.3918 | train_acc=0.9842 | test_loss=2.0146 | test_acc=0.9106
2026-05-18 11:00:00,773 | INFO | SpawnProcess-2 | stage1_run1 | Epoch 107 | train_loss=9.3219 | train_acc=0.9772 | test_loss=2.2168 | test_acc=0.8739
2026-05-18 11:00:18,489 | INFO | SpawnProcess-1 | stage1_run2 | Epoch 113 | train_loss=7.5448 | train_acc=0.9806 | test_loss=1.8565 | test_acc=0.9000
2026-05-18 11:00:20,792 | INFO | SpawnProcess-2 | stage1_run1 | Epoch 108 | train_loss=8.2841 | train_acc=0.9803 | test_loss=2.0571 | test_acc=0.9212
2026-05-18 11:00:39,620 | INFO | SpawnProcess-1 | stage1_run2 | Epoch 114 | train_loss=7.0664 | train_acc=0.9821 | test_loss=1.9790 | test_acc=0.9016
2026-05-18 11:00:42,308 | INFO | SpawnProcess-2 | stage1_run1 | Epoch 109 | train_loss=8.2996 | train_acc=0.9800 | test_loss=2.0757 | test_acc=0.8973
2026-05-18 11:01:01,438 | INFO | SpawnProcess-1 | stage1_run2 | Epoch 115 | train_loss=7.4974 | train_acc=0.9806 | test_loss=2.0033 | test_acc=0.8615
2026-05-18 11:01:04,019 | INFO | SpawnProcess-2 | stage1_run1 | Epoch 110 | train_loss=9.0644 | train_acc=0.9771 | test_loss=2.2973 | test_acc=0.8676
2026-05-18 11:01:23,816 | INFO | SpawnProcess-1 | stage1_run2 | Epoch 116 | train_loss=6.8093 | train_acc=0.9833 | test_loss=1.8960 | test_acc=0.9187
2026-05-18 11:01:26,077 | INFO | SpawnProcess-2 | stage1_run1 | Epoch 111 | train_loss=8.6150 | train_acc=0.9787 | test_loss=2.4350 | test_acc=0.8983
2026-05-18 11:01:46,417 | INFO | SpawnProcess-1 | stage1_run2 | Epoch 117 | train_loss=6.9279 | train_acc=0.9821 | test_loss=2.3637 | test_acc=0.8400
2026-05-18 11:01:48,231 | INFO | SpawnProcess-2 | stage1_run1 | Epoch 112 | train_loss=9.0054 | train_acc=0.9785 | test_loss=2.2984 | test_acc=0.9010
2026-05-18 11:02:08,582 | INFO | SpawnProcess-2 | stage1_run1 | Epoch 113 | train_loss=8.2649 | train_acc=0.9799 | test_loss=1.9518 | test_acc=0.9252
2026-05-18 11:02:10,060 | INFO | SpawnProcess-1 | stage1_run2 | Epoch 118 | train_loss=6.9266 | train_acc=0.9826 | test_loss=1.9787 | test_acc=0.9217
2026-05-18 11:02:28,711 | INFO | SpawnProcess-2 | stage1_run1 | Epoch 114 | train_loss=8.6155 | train_acc=0.9789 | test_loss=2.4467 | test_acc=0.8661
2026-05-18 11:02:29,934 | INFO | SpawnProcess-1 | stage1_run2 | Epoch 119 | train_loss=6.1029 | train_acc=0.9845 | test_loss=1.8673 | test_acc=0.9071
2026-05-18 11:02:48,897 | INFO | SpawnProcess-2 | stage1_run1 | Epoch 115 | train_loss=8.7661 | train_acc=0.9788 | test_loss=2.3935 | test_acc=0.8812
2026-05-18 11:02:54,547 | INFO | SpawnProcess-1 | stage1_run2 | Epoch 120 | train_loss=6.8227 | train_acc=0.9828 | test_loss=2.0796 | test_acc=0.9100
2026-05-18 11:03:08,866 | INFO | SpawnProcess-2 | stage1_run1 | Epoch 116 | train_loss=8.3350 | train_acc=0.9798 | test_loss=2.3369 | test_acc=0.8832
2026-05-18 11:03:22,122 | INFO | SpawnProcess-1 | stage1_run2 | Epoch 121 | train_loss=7.1788 | train_acc=0.9820 | test_loss=1.8501 | test_acc=0.8998
2026-05-18 11:03:30,189 | INFO | SpawnProcess-2 | stage1_run1 | Epoch 117 | train_loss=9.0824 | train_acc=0.9779 | test_loss=2.0182 | test_acc=0.9323
2026-05-18 11:03:44,376 | INFO | SpawnProcess-1 | stage1_run2 | Epoch 122 | train_loss=6.4100 | train_acc=0.9835 | test_loss=1.8044 | test_acc=0.9052
2026-05-18 11:03:49,723 | INFO | SpawnProcess-2 | stage1_run1 | Epoch 118 | train_loss=8.5656 | train_acc=0.9796 | test_loss=1.9521 | test_acc=0.9217
2026-05-18 11:04:07,614 | INFO | SpawnProcess-1 | stage1_run2 | Epoch 123 | train_loss=6.3155 | train_acc=0.9839 | test_loss=2.1182 | test_acc=0.8748
2026-05-18 11:04:10,149 | INFO | SpawnProcess-2 | stage1_run1 | Epoch 119 | train_loss=8.8223 | train_acc=0.9786 | test_loss=2.0713 | test_acc=0.9029
2026-05-18 11:04:29,092 | INFO | SpawnProcess-1 | stage1_run2 | Epoch 124 | train_loss=6.7508 | train_acc=0.9828 | test_loss=1.7313 | test_acc=0.9129
2026-05-18 11:04:29,995 | INFO | SpawnProcess-2 | stage1_run1 | Epoch 120 | train_loss=7.8628 | train_acc=0.9815 | test_loss=1.9681 | test_acc=0.8930
2026-05-18 11:04:49,873 | INFO | SpawnProcess-2 | stage1_run1 | Epoch 121 | train_loss=7.8036 | train_acc=0.9806 | test_loss=2.2264 | test_acc=0.9258
2026-05-18 11:04:51,035 | INFO | SpawnProcess-1 | stage1_run2 | Epoch 125 | train_loss=6.0808 | train_acc=0.9854 | test_loss=2.0581 | test_acc=0.9334
2026-05-18 11:05:11,525 | INFO | SpawnProcess-2 | stage1_run1 | Epoch 122 | train_loss=8.0802 | train_acc=0.9805 | test_loss=1.8817 | test_acc=0.9184
2026-05-18 11:05:13,236 | INFO | SpawnProcess-1 | stage1_run2 | Epoch 126 | train_loss=6.4006 | train_acc=0.9839 | test_loss=1.7692 | test_acc=0.9046
2026-05-18 11:05:30,859 | INFO | SpawnProcess-2 | stage1_run1 | Epoch 123 | train_loss=7.8941 | train_acc=0.9810 | test_loss=2.0920 | test_acc=0.9194
2026-05-18 11:05:33,355 | INFO | SpawnProcess-1 | stage1_run2 | Epoch 127 | train_loss=6.1347 | train_acc=0.9846 | test_loss=1.8141 | test_acc=0.9051
2026-05-18 11:05:52,803 | INFO | SpawnProcess-2 | stage1_run1 | Epoch 124 | train_loss=7.8500 | train_acc=0.9814 | test_loss=2.1433 | test_acc=0.9015
2026-05-18 11:05:53,993 | INFO | SpawnProcess-1 | stage1_run2 | Epoch 128 | train_loss=5.6602 | train_acc=0.9857 | test_loss=2.0064 | test_acc=0.8852
2026-05-18 11:06:11,692 | INFO | SpawnProcess-1 | stage1_run2 | Epoch 129 | train_loss=5.9623 | train_acc=0.9850 | test_loss=1.9427 | test_acc=0.9011
2026-05-18 11:06:13,615 | INFO | SpawnProcess-2 | stage1_run1 | Epoch 125 | train_loss=8.1934 | train_acc=0.9799 | test_loss=1.9756 | test_acc=0.9084
2026-05-18 11:06:32,937 | INFO | SpawnProcess-1 | stage1_run2 | Epoch 130 | train_loss=5.2609 | train_acc=0.9868 | test_loss=1.8008 | test_acc=0.9099
2026-05-18 11:06:33,573 | INFO | SpawnProcess-2 | stage1_run1 | Epoch 126 | train_loss=8.2113 | train_acc=0.9806 | test_loss=3.6360 | test_acc=0.9124
2026-05-18 11:06:55,209 | INFO | SpawnProcess-2 | stage1_run1 | Epoch 127 | train_loss=8.4730 | train_acc=0.9794 | test_loss=2.0915 | test_acc=0.8861
2026-05-18 11:06:55,584 | INFO | SpawnProcess-1 | stage1_run2 | Epoch 131 | train_loss=5.6032 | train_acc=0.9864 | test_loss=1.9258 | test_acc=0.8991
2026-05-18 11:07:15,300 | INFO | SpawnProcess-1 | stage1_run2 | Epoch 132 | train_loss=6.1244 | train_acc=0.9845 | test_loss=1.7959 | test_acc=0.9007
2026-05-18 11:07:18,556 | INFO | SpawnProcess-2 | stage1_run1 | Epoch 128 | train_loss=7.5453 | train_acc=0.9814 | test_loss=2.3353 | test_acc=0.8804
2026-05-18 11:07:36,109 | INFO | SpawnProcess-1 | stage1_run2 | Epoch 133 | train_loss=6.3354 | train_acc=0.9834 | test_loss=2.2848 | test_acc=0.9339
2026-05-18 11:07:39,255 | INFO | SpawnProcess-2 | stage1_run1 | Epoch 129 | train_loss=7.8037 | train_acc=0.9813 | test_loss=2.5812 | test_acc=0.8876
2026-05-18 11:07:54,484 | INFO | SpawnProcess-1 | stage1_run2 | Epoch 134 | train_loss=5.9500 | train_acc=0.9848 | test_loss=2.4801 | test_acc=0.8550
2026-05-18 11:07:58,776 | INFO | SpawnProcess-2 | stage1_run1 | Epoch 130 | train_loss=7.7416 | train_acc=0.9812 | test_loss=1.8595 | test_acc=0.9299
2026-05-18 11:08:14,414 | INFO | SpawnProcess-1 | stage1_run2 | Epoch 135 | train_loss=6.4578 | train_acc=0.9833 | test_loss=1.8607 | test_acc=0.9192
2026-05-18 11:08:21,286 | INFO | SpawnProcess-2 | stage1_run1 | Epoch 131 | train_loss=7.4728 | train_acc=0.9819 | test_loss=1.9417 | test_acc=0.9001
2026-05-18 11:08:36,914 | INFO | SpawnProcess-1 | stage1_run2 | Epoch 136 | train_loss=5.5785 | train_acc=0.9858 | test_loss=2.6500 | test_acc=0.8921
2026-05-18 11:08:43,864 | INFO | SpawnProcess-2 | stage1_run1 | Epoch 132 | train_loss=7.6304 | train_acc=0.9812 | test_loss=1.8798 | test_acc=0.9046
2026-05-18 11:08:55,073 | INFO | SpawnProcess-1 | stage1_run2 | Epoch 137 | train_loss=6.0510 | train_acc=0.9851 | test_loss=1.9816 | test_acc=0.8904
2026-05-18 11:09:02,061 | INFO | SpawnProcess-2 | stage1_run1 | Epoch 133 | train_loss=7.5316 | train_acc=0.9816 | test_loss=1.9900 | test_acc=0.9178
2026-05-18 11:09:17,169 | INFO | SpawnProcess-1 | stage1_run2 | Epoch 138 | train_loss=5.8908 | train_acc=0.9848 | test_loss=1.9584 | test_acc=0.8860
2026-05-18 11:09:21,787 | INFO | SpawnProcess-2 | stage1_run1 | Epoch 134 | train_loss=7.6875 | train_acc=0.9813 | test_loss=1.9247 | test_acc=0.9257
2026-05-18 11:09:40,369 | INFO | SpawnProcess-1 | stage1_run2 | Epoch 139 | train_loss=6.3977 | train_acc=0.9837 | test_loss=1.8597 | test_acc=0.8808
2026-05-18 11:09:40,917 | INFO | SpawnProcess-2 | stage1_run1 | Epoch 135 | train_loss=7.2772 | train_acc=0.9825 | test_loss=1.8321 | test_acc=0.8849
2026-05-18 11:10:01,434 | INFO | SpawnProcess-2 | stage1_run1 | Epoch 136 | train_loss=8.1290 | train_acc=0.9806 | test_loss=2.4537 | test_acc=0.8418
2026-05-18 11:10:03,634 | INFO | SpawnProcess-1 | stage1_run2 | Epoch 140 | train_loss=6.0617 | train_acc=0.9845 | test_loss=2.2173 | test_acc=0.8641
2026-05-18 11:10:22,162 | INFO | SpawnProcess-2 | stage1_run1 | Epoch 137 | train_loss=8.0602 | train_acc=0.9803 | test_loss=1.9977 | test_acc=0.9312
2026-05-18 11:10:23,913 | INFO | SpawnProcess-1 | stage1_run2 | Epoch 141 | train_loss=6.4420 | train_acc=0.9834 | test_loss=1.7796 | test_acc=0.8985
2026-05-18 11:10:42,410 | INFO | SpawnProcess-2 | stage1_run1 | Epoch 138 | train_loss=7.8795 | train_acc=0.9807 | test_loss=2.1002 | test_acc=0.9055
2026-05-18 11:10:49,831 | INFO | SpawnProcess-1 | stage1_run2 | Epoch 142 | train_loss=5.4055 | train_acc=0.9866 | test_loss=1.7530 | test_acc=0.9000
2026-05-18 11:11:03,118 | INFO | SpawnProcess-2 | stage1_run1 | Epoch 139 | train_loss=7.1933 | train_acc=0.9823 | test_loss=2.1650 | test_acc=0.9181
2026-05-18 11:11:10,563 | INFO | SpawnProcess-1 | stage1_run2 | Epoch 143 | train_loss=5.9433 | train_acc=0.9848 | test_loss=2.6522 | test_acc=0.9280
2026-05-18 11:11:21,117 | INFO | SpawnProcess-2 | stage1_run1 | Epoch 140 | train_loss=7.7701 | train_acc=0.9809 | test_loss=2.0905 | test_acc=0.8913
2026-05-18 11:11:31,810 | INFO | SpawnProcess-1 | stage1_run2 | Epoch 144 | train_loss=5.5088 | train_acc=0.9857 | test_loss=1.8377 | test_acc=0.9061
2026-05-18 11:11:44,911 | INFO | SpawnProcess-2 | stage1_run1 | Epoch 141 | train_loss=7.1737 | train_acc=0.9828 | test_loss=2.1486 | test_acc=0.9153
2026-05-18 11:11:53,836 | INFO | SpawnProcess-1 | stage1_run2 | Epoch 145 | train_loss=5.1586 | train_acc=0.9869 | test_loss=2.0176 | test_acc=0.8825
2026-05-18 11:12:05,994 | INFO | SpawnProcess-2 | stage1_run1 | Epoch 142 | train_loss=7.6997 | train_acc=0.9815 | test_loss=1.9852 | test_acc=0.9343
2026-05-18 11:12:13,430 | INFO | SpawnProcess-1 | stage1_run2 | Epoch 146 | train_loss=5.3186 | train_acc=0.9865 | test_loss=1.8861 | test_acc=0.8941
2026-05-18 11:12:23,786 | INFO | SpawnProcess-2 | stage1_run1 | Epoch 143 | train_loss=7.0344 | train_acc=0.9833 | test_loss=1.9374 | test_acc=0.9055
2026-05-18 11:12:33,750 | INFO | SpawnProcess-1 | stage1_run2 | Epoch 147 | train_loss=5.6506 | train_acc=0.9855 | test_loss=1.8276 | test_acc=0.9244
2026-05-18 11:12:46,235 | INFO | SpawnProcess-2 | stage1_run1 | Epoch 144 | train_loss=6.7683 | train_acc=0.9832 | test_loss=1.9766 | test_acc=0.9049
2026-05-18 11:12:53,033 | INFO | SpawnProcess-1 | stage1_run2 | Epoch 148 | train_loss=5.1812 | train_acc=0.9867 | test_loss=1.8744 | test_acc=0.8944
2026-05-18 11:13:06,421 | INFO | SpawnProcess-2 | stage1_run1 | Epoch 145 | train_loss=7.6923 | train_acc=0.9819 | test_loss=2.0723 | test_acc=0.9125
2026-05-18 11:13:10,814 | INFO | SpawnProcess-1 | stage1_run2 | Epoch 149 | train_loss=4.8417 | train_acc=0.9875 | test_loss=2.2290 | test_acc=0.8759
2026-05-18 11:13:24,246 | INFO | SpawnProcess-2 | stage1_run1 | Epoch 146 | train_loss=7.9156 | train_acc=0.9800 | test_loss=2.1731 | test_acc=0.9074
2026-05-18 11:13:34,898 | INFO | SpawnProcess-1 | stage1_run2 | Epoch 150 | train_loss=5.9244 | train_acc=0.9848 | test_loss=1.8537 | test_acc=0.9104
2026-05-18 11:13:47,087 | INFO | SpawnProcess-2 | stage1_run1 | Epoch 147 | train_loss=7.4740 | train_acc=0.9818 | test_loss=1.8561 | test_acc=0.9059
2026-05-18 11:13:55,966 | INFO | SpawnProcess-1 | stage1_run2 | Epoch 151 | train_loss=4.8608 | train_acc=0.9878 | test_loss=1.9084 | test_acc=0.8831
2026-05-18 11:14:09,062 | INFO | SpawnProcess-2 | stage1_run1 | Epoch 148 | train_loss=6.8758 | train_acc=0.9833 | test_loss=2.1233 | test_acc=0.9148
2026-05-18 11:14:17,483 | INFO | SpawnProcess-1 | stage1_run2 | Epoch 152 | train_loss=5.2006 | train_acc=0.9868 | test_loss=1.8746 | test_acc=0.9175
2026-05-18 11:14:29,844 | INFO | SpawnProcess-2 | stage1_run1 | Epoch 149 | train_loss=7.4260 | train_acc=0.9811 | test_loss=2.6083 | test_acc=0.9048
2026-05-18 11:14:40,301 | INFO | SpawnProcess-1 | stage1_run2 | Epoch 153 | train_loss=5.3076 | train_acc=0.9864 | test_loss=2.3300 | test_acc=0.8644
2026-05-18 11:14:53,066 | INFO | SpawnProcess-2 | stage1_run1 | Epoch 150 | train_loss=7.6235 | train_acc=0.9817 | test_loss=1.8408 | test_acc=0.9167
2026-05-18 11:15:01,833 | INFO | SpawnProcess-1 | stage1_run2 | Epoch 154 | train_loss=5.2675 | train_acc=0.9867 | test_loss=1.9058 | test_acc=0.9207
2026-05-18 11:15:17,040 | INFO | SpawnProcess-2 | stage1_run1 | Epoch 151 | train_loss=6.6464 | train_acc=0.9838 | test_loss=2.1775 | test_acc=0.9358
2026-05-18 11:15:22,090 | INFO | SpawnProcess-1 | stage1_run2 | Epoch 155 | train_loss=5.1550 | train_acc=0.9867 | test_loss=1.9682 | test_acc=0.8981
2026-05-18 11:15:36,774 | INFO | SpawnProcess-2 | stage1_run1 | Epoch 152 | train_loss=7.5659 | train_acc=0.9815 | test_loss=1.9308 | test_acc=0.9050
2026-05-18 11:15:40,915 | INFO | SpawnProcess-1 | stage1_run2 | Epoch 156 | train_loss=4.8010 | train_acc=0.9877 | test_loss=1.8338 | test_acc=0.9226
2026-05-18 11:15:55,636 | INFO | SpawnProcess-2 | stage1_run1 | Epoch 153 | train_loss=6.5797 | train_acc=0.9837 | test_loss=2.0207 | test_acc=0.9269
2026-05-18 11:16:03,126 | INFO | SpawnProcess-1 | stage1_run2 | Epoch 157 | train_loss=4.8955 | train_acc=0.9875 | test_loss=1.9651 | test_acc=0.8992
2026-05-18 11:16:17,905 | INFO | SpawnProcess-2 | stage1_run1 | Epoch 154 | train_loss=6.7504 | train_acc=0.9837 | test_loss=1.8719 | test_acc=0.8921
2026-05-18 11:16:23,524 | INFO | SpawnProcess-1 | stage1_run2 | Epoch 158 | train_loss=5.2315 | train_acc=0.9865 | test_loss=2.2000 | test_acc=0.9049
2026-05-18 11:16:40,765 | INFO | SpawnProcess-2 | stage1_run1 | Epoch 155 | train_loss=6.8995 | train_acc=0.9833 | test_loss=2.1495 | test_acc=0.8946
2026-05-18 11:16:43,667 | INFO | SpawnProcess-1 | stage1_run2 | Epoch 159 | train_loss=5.0636 | train_acc=0.9870 | test_loss=1.9029 | test_acc=0.9127
2026-05-18 11:17:04,058 | INFO | SpawnProcess-2 | stage1_run1 | Epoch 156 | train_loss=7.2641 | train_acc=0.9820 | test_loss=2.1103 | test_acc=0.8961
2026-05-18 11:17:05,802 | INFO | SpawnProcess-1 | stage1_run2 | Epoch 160 | train_loss=4.4047 | train_acc=0.9889 | test_loss=1.8702 | test_acc=0.9038
2026-05-18 11:17:24,394 | INFO | SpawnProcess-2 | stage1_run1 | Epoch 157 | train_loss=6.8747 | train_acc=0.9828 | test_loss=1.9117 | test_acc=0.9066
2026-05-18 11:17:25,116 | INFO | SpawnProcess-1 | stage1_run2 | Epoch 161 | train_loss=4.5507 | train_acc=0.9886 | test_loss=1.8255 | test_acc=0.9068
2026-05-18 11:17:44,528 | INFO | SpawnProcess-1 | stage1_run2 | Epoch 162 | train_loss=5.4143 | train_acc=0.9861 | test_loss=2.1154 | test_acc=0.8952
2026-05-18 11:17:44,686 | INFO | SpawnProcess-2 | stage1_run1 | Epoch 158 | train_loss=6.6105 | train_acc=0.9837 | test_loss=2.0014 | test_acc=0.9104
2026-05-18 11:18:05,156 | INFO | SpawnProcess-2 | stage1_run1 | Epoch 159 | train_loss=6.9386 | train_acc=0.9829 | test_loss=1.7738 | test_acc=0.9248
2026-05-18 11:18:07,922 | INFO | SpawnProcess-1 | stage1_run2 | Epoch 163 | train_loss=4.9031 | train_acc=0.9877 | test_loss=1.9498 | test_acc=0.9117
2026-05-18 11:18:27,747 | INFO | SpawnProcess-2 | stage1_run1 | Epoch 160 | train_loss=7.2707 | train_acc=0.9818 | test_loss=2.5001 | test_acc=0.8993
2026-05-18 11:18:28,779 | INFO | SpawnProcess-1 | stage1_run2 | Epoch 164 | train_loss=5.0850 | train_acc=0.9870 | test_loss=2.1705 | test_acc=0.9194
2026-05-18 11:18:48,305 | INFO | SpawnProcess-2 | stage1_run1 | Epoch 161 | train_loss=6.5150 | train_acc=0.9842 | test_loss=1.9324 | test_acc=0.9278
2026-05-18 11:18:51,844 | INFO | SpawnProcess-1 | stage1_run2 | Epoch 165 | train_loss=5.4527 | train_acc=0.9864 | test_loss=1.7234 | test_acc=0.9224
2026-05-18 11:19:11,072 | INFO | SpawnProcess-1 | stage1_run2 | Epoch 166 | train_loss=5.5310 | train_acc=0.9856 | test_loss=1.9158 | test_acc=0.9009
2026-05-18 11:19:14,281 | INFO | SpawnProcess-2 | stage1_run1 | Epoch 162 | train_loss=6.0368 | train_acc=0.9848 | test_loss=2.1110 | test_acc=0.8999
2026-05-18 11:19:33,773 | INFO | SpawnProcess-1 | stage1_run2 | Epoch 167 | train_loss=4.7792 | train_acc=0.9879 | test_loss=1.8804 | test_acc=0.8947
2026-05-18 11:19:34,465 | INFO | SpawnProcess-2 | stage1_run1 | Epoch 163 | train_loss=6.9514 | train_acc=0.9825 | test_loss=1.8434 | test_acc=0.9306
2026-05-18 11:19:54,778 | INFO | SpawnProcess-2 | stage1_run1 | Epoch 164 | train_loss=6.2776 | train_acc=0.9848 | test_loss=1.9963 | test_acc=0.9281
2026-05-18 11:19:55,266 | INFO | SpawnProcess-1 | stage1_run2 | Epoch 168 | train_loss=4.5899 | train_acc=0.9887 | test_loss=1.9459 | test_acc=0.9078
2026-05-18 11:20:16,146 | INFO | SpawnProcess-2 | stage1_run1 | Epoch 165 | train_loss=6.1851 | train_acc=0.9852 | test_loss=1.9256 | test_acc=0.9354
2026-05-18 11:20:17,589 | INFO | SpawnProcess-1 | stage1_run2 | Epoch 169 | train_loss=5.0940 | train_acc=0.9869 | test_loss=1.7683 | test_acc=0.9095
2026-05-18 11:20:35,756 | INFO | SpawnProcess-2 | stage1_run1 | Epoch 166 | train_loss=7.1159 | train_acc=0.9823 | test_loss=1.8317 | test_acc=0.9030
2026-05-18 11:20:39,446 | INFO | SpawnProcess-1 | stage1_run2 | Epoch 170 | train_loss=4.8375 | train_acc=0.9874 | test_loss=1.7882 | test_acc=0.8987
2026-05-18 11:20:54,892 | INFO | SpawnProcess-2 | stage1_run1 | Epoch 167 | train_loss=6.2616 | train_acc=0.9845 | test_loss=2.1321 | test_acc=0.9236
2026-05-18 11:21:04,269 | INFO | SpawnProcess-1 | stage1_run2 | Epoch 171 | train_loss=4.2302 | train_acc=0.9894 | test_loss=1.8830 | test_acc=0.9228
2026-05-18 11:21:15,193 | INFO | SpawnProcess-2 | stage1_run1 | Epoch 168 | train_loss=6.4642 | train_acc=0.9842 | test_loss=2.1679 | test_acc=0.9238
2026-05-18 11:21:25,878 | INFO | SpawnProcess-1 | stage1_run2 | Epoch 172 | train_loss=4.4362 | train_acc=0.9885 | test_loss=1.9623 | test_acc=0.9253
2026-05-18 11:21:38,057 | INFO | SpawnProcess-2 | stage1_run1 | Epoch 169 | train_loss=6.0600 | train_acc=0.9855 | test_loss=1.8059 | test_acc=0.9294
2026-05-18 11:21:46,520 | INFO | SpawnProcess-1 | stage1_run2 | Epoch 173 | train_loss=4.7386 | train_acc=0.9884 | test_loss=1.9389 | test_acc=0.9192
2026-05-18 11:22:01,569 | INFO | SpawnProcess-2 | stage1_run1 | Epoch 170 | train_loss=5.9043 | train_acc=0.9852 | test_loss=1.8524 | test_acc=0.9090
2026-05-18 11:22:04,516 | INFO | SpawnProcess-1 | stage1_run2 | Epoch 174 | train_loss=5.1194 | train_acc=0.9869 | test_loss=2.0309 | test_acc=0.8782
2026-05-18 11:22:21,638 | INFO | SpawnProcess-2 | stage1_run1 | Epoch 171 | train_loss=6.0397 | train_acc=0.9851 | test_loss=1.7900 | test_acc=0.9176
2026-05-18 11:22:28,796 | INFO | SpawnProcess-1 | stage1_run2 | Epoch 175 | train_loss=5.2346 | train_acc=0.9863 | test_loss=2.5570 | test_acc=0.9391
2026-05-18 11:22:42,040 | INFO | SpawnProcess-2 | stage1_run1 | Epoch 172 | train_loss=6.2528 | train_acc=0.9846 | test_loss=1.9211 | test_acc=0.9205
2026-05-18 11:22:50,859 | INFO | SpawnProcess-1 | stage1_run2 | Epoch 176 | train_loss=5.2685 | train_acc=0.9863 | test_loss=1.8321 | test_acc=0.9210
2026-05-18 11:23:05,838 | INFO | SpawnProcess-2 | stage1_run1 | Epoch 173 | train_loss=6.4678 | train_acc=0.9841 | test_loss=1.8890 | test_acc=0.8930
2026-05-18 11:23:12,998 | INFO | SpawnProcess-1 | stage1_run2 | Epoch 177 | train_loss=4.2767 | train_acc=0.9890 | test_loss=2.1570 | test_acc=0.9448
2026-05-18 11:23:23,761 | INFO | SpawnProcess-2 | stage1_run1 | Epoch 174 | train_loss=6.5049 | train_acc=0.9834 | test_loss=1.9959 | test_acc=0.9064
2026-05-18 11:23:33,285 | INFO | SpawnProcess-1 | stage1_run2 | Epoch 178 | train_loss=4.5921 | train_acc=0.9882 | test_loss=1.7909 | test_acc=0.9118
2026-05-18 11:23:44,051 | INFO | SpawnProcess-2 | stage1_run1 | Epoch 175 | train_loss=6.7663 | train_acc=0.9835 | test_loss=1.9889 | test_acc=0.9331
2026-05-18 11:23:54,963 | INFO | SpawnProcess-1 | stage1_run2 | Epoch 179 | train_loss=4.9148 | train_acc=0.9873 | test_loss=1.9898 | test_acc=0.9099
2026-05-18 11:24:04,914 | INFO | SpawnProcess-2 | stage1_run1 | Epoch 176 | train_loss=6.5095 | train_acc=0.9841 | test_loss=1.7298 | test_acc=0.9307
2026-05-18 11:24:17,399 | INFO | SpawnProcess-1 | stage1_run2 | Epoch 180 | train_loss=4.7597 | train_acc=0.9882 | test_loss=1.9293 | test_acc=0.9149
2026-05-18 11:24:25,300 | INFO | SpawnProcess-2 | stage1_run1 | Epoch 177 | train_loss=5.7577 | train_acc=0.9860 | test_loss=1.6674 | test_acc=0.9251
2026-05-18 11:24:41,346 | INFO | SpawnProcess-1 | stage1_run2 | Epoch 181 | train_loss=4.1065 | train_acc=0.9894 | test_loss=1.8848 | test_acc=0.9440
2026-05-18 11:24:47,216 | INFO | SpawnProcess-2 | stage1_run1 | Epoch 178 | train_loss=6.1862 | train_acc=0.9841 | test_loss=1.8242 | test_acc=0.9103
2026-05-18 11:25:00,656 | INFO | SpawnProcess-1 | stage1_run2 | Epoch 182 | train_loss=4.3689 | train_acc=0.9890 | test_loss=2.1046 | test_acc=0.8730
2026-05-18 11:25:10,510 | INFO | SpawnProcess-2 | stage1_run1 | Epoch 179 | train_loss=5.9060 | train_acc=0.9855 | test_loss=2.1797 | test_acc=0.9220
2026-05-18 11:25:21,409 | INFO | SpawnProcess-1 | stage1_run2 | Epoch 183 | train_loss=4.5622 | train_acc=0.9887 | test_loss=1.8960 | test_acc=0.9148
2026-05-18 11:25:30,967 | INFO | SpawnProcess-2 | stage1_run1 | Epoch 180 | train_loss=5.9645 | train_acc=0.9850 | test_loss=1.9307 | test_acc=0.9267
2026-05-18 11:25:42,540 | INFO | SpawnProcess-1 | stage1_run2 | Epoch 184 | train_loss=4.3074 | train_acc=0.9888 | test_loss=1.8053 | test_acc=0.9402
2026-05-18 11:25:53,238 | INFO | SpawnProcess-2 | stage1_run1 | Epoch 181 | train_loss=6.0064 | train_acc=0.9852 | test_loss=2.0074 | test_acc=0.8876
2026-05-18 11:26:03,216 | INFO | SpawnProcess-1 | stage1_run2 | Epoch 185 | train_loss=4.4250 | train_acc=0.9890 | test_loss=2.2384 | test_acc=0.9068
2026-05-18 11:26:15,239 | INFO | SpawnProcess-2 | stage1_run1 | Epoch 182 | train_loss=5.8251 | train_acc=0.9851 | test_loss=1.8651 | test_acc=0.9350
2026-05-18 11:26:23,708 | INFO | SpawnProcess-1 | stage1_run2 | Epoch 186 | train_loss=4.6442 | train_acc=0.9879 | test_loss=1.7658 | test_acc=0.9180
2026-05-18 11:26:38,609 | INFO | SpawnProcess-2 | stage1_run1 | Epoch 183 | train_loss=6.3627 | train_acc=0.9846 | test_loss=2.1590 | test_acc=0.8826
2026-05-18 11:26:44,123 | INFO | SpawnProcess-1 | stage1_run2 | Epoch 187 | train_loss=4.7086 | train_acc=0.9882 | test_loss=1.9597 | test_acc=0.8915
2026-05-18 11:26:57,924 | INFO | SpawnProcess-2 | stage1_run1 | Epoch 184 | train_loss=6.5446 | train_acc=0.9834 | test_loss=2.1234 | test_acc=0.9300
2026-05-18 11:27:04,372 | INFO | SpawnProcess-1 | stage1_run2 | Epoch 188 | train_loss=3.9139 | train_acc=0.9898 | test_loss=1.9195 | test_acc=0.8984
2026-05-18 11:27:19,160 | INFO | SpawnProcess-2 | stage1_run1 | Epoch 185 | train_loss=5.7271 | train_acc=0.9855 | test_loss=1.9806 | test_acc=0.9370
2026-05-18 11:27:25,468 | INFO | SpawnProcess-1 | stage1_run2 | Epoch 189 | train_loss=4.5651 | train_acc=0.9881 | test_loss=1.8486 | test_acc=0.9304
2026-05-18 11:27:41,239 | INFO | SpawnProcess-2 | stage1_run1 | Epoch 186 | train_loss=5.7124 | train_acc=0.9854 | test_loss=1.8349 | test_acc=0.9239
2026-05-18 11:27:49,228 | INFO | SpawnProcess-1 | stage1_run2 | Epoch 190 | train_loss=4.4712 | train_acc=0.9885 | test_loss=1.7651 | test_acc=0.9070
2026-05-18 11:28:02,604 | INFO | SpawnProcess-2 | stage1_run1 | Epoch 187 | train_loss=5.7269 | train_acc=0.9861 | test_loss=1.8223 | test_acc=0.9312
2026-05-18 11:28:11,243 | INFO | SpawnProcess-1 | stage1_run2 | Epoch 191 | train_loss=3.7976 | train_acc=0.9905 | test_loss=1.9078 | test_acc=0.9419
2026-05-18 11:28:22,214 | INFO | SpawnProcess-2 | stage1_run1 | Epoch 188 | train_loss=5.5913 | train_acc=0.9863 | test_loss=1.7942 | test_acc=0.9043
2026-05-18 11:28:31,452 | INFO | SpawnProcess-1 | stage1_run2 | Epoch 192 | train_loss=4.0092 | train_acc=0.9897 | test_loss=2.4313 | test_acc=0.8645
2026-05-18 11:28:44,830 | INFO | SpawnProcess-2 | stage1_run1 | Epoch 189 | train_loss=5.9209 | train_acc=0.9849 | test_loss=1.9656 | test_acc=0.9407
2026-05-18 11:28:50,475 | INFO | SpawnProcess-1 | stage1_run2 | Epoch 193 | train_loss=4.6369 | train_acc=0.9884 | test_loss=1.8381 | test_acc=0.9297
2026-05-18 11:29:03,618 | INFO | SpawnProcess-2 | stage1_run1 | Epoch 190 | train_loss=5.5085 | train_acc=0.9863 | test_loss=2.0865 | test_acc=0.8946
2026-05-18 11:29:13,457 | INFO | SpawnProcess-1 | stage1_run2 | Epoch 194 | train_loss=5.0952 | train_acc=0.9868 | test_loss=1.8498 | test_acc=0.9282
2026-05-18 11:29:22,787 | INFO | SpawnProcess-2 | stage1_run1 | Epoch 191 | train_loss=5.7780 | train_acc=0.9853 | test_loss=2.2110 | test_acc=0.9094
2026-05-18 11:29:32,430 | INFO | SpawnProcess-1 | stage1_run2 | Epoch 195 | train_loss=4.5975 | train_acc=0.9878 | test_loss=2.1288 | test_acc=0.8910
2026-05-18 11:29:42,847 | INFO | SpawnProcess-2 | stage1_run1 | Epoch 192 | train_loss=6.4793 | train_acc=0.9839 | test_loss=2.2338 | test_acc=0.9101
2026-05-18 11:29:55,844 | INFO | SpawnProcess-1 | stage1_run2 | Epoch 196 | train_loss=4.4019 | train_acc=0.9884 | test_loss=1.9440 | test_acc=0.9326
2026-05-18 11:30:02,062 | INFO | SpawnProcess-2 | stage1_run1 | Epoch 193 | train_loss=5.9331 | train_acc=0.9851 | test_loss=2.2793 | test_acc=0.9101
2026-05-18 11:30:17,016 | INFO | SpawnProcess-1 | stage1_run2 | Epoch 197 | train_loss=4.8992 | train_acc=0.9871 | test_loss=1.7515 | test_acc=0.9224
2026-05-18 11:30:23,104 | INFO | SpawnProcess-2 | stage1_run1 | Epoch 194 | train_loss=6.6643 | train_acc=0.9834 | test_loss=1.8899 | test_acc=0.8923
2026-05-18 11:30:42,157 | INFO | SpawnProcess-2 | stage1_run1 | Epoch 195 | train_loss=6.0091 | train_acc=0.9852 | test_loss=1.8869 | test_acc=0.9054
2026-05-18 11:30:44,682 | INFO | SpawnProcess-1 | stage1_run2 | Epoch 198 | train_loss=4.0250 | train_acc=0.9898 | test_loss=1.8704 | test_acc=0.9036
2026-05-18 11:31:04,345 | INFO | SpawnProcess-2 | stage1_run1 | Epoch 196 | train_loss=5.3528 | train_acc=0.9870 | test_loss=1.8537 | test_acc=0.9121
2026-05-18 11:31:08,730 | INFO | SpawnProcess-1 | stage1_run2 | Epoch 199 | train_loss=3.8915 | train_acc=0.9900 | test_loss=1.8676 | test_acc=0.9358
2026-05-18 11:31:25,208 | INFO | SpawnProcess-2 | stage1_run1 | Epoch 197 | train_loss=5.2041 | train_acc=0.9872 | test_loss=1.9305 | test_acc=0.9176
2026-05-18 11:31:30,193 | INFO | SpawnProcess-1 | stage1_run2 | Epoch 200 | train_loss=4.6329 | train_acc=0.9879 | test_loss=1.6896 | test_acc=0.9299
2026-05-18 11:31:48,407 | INFO | SpawnProcess-2 | stage1_run1 | Epoch 198 | train_loss=5.9527 | train_acc=0.9852 | test_loss=2.2354 | test_acc=0.9209
2026-05-18 11:31:51,049 | INFO | SpawnProcess-1 | stage1_run2 | Epoch 201 | train_loss=3.8733 | train_acc=0.9902 | test_loss=2.2630 | test_acc=0.9511
2026-05-18 11:32:06,218 | INFO | SpawnProcess-2 | stage1_run1 | Epoch 199 | train_loss=6.4725 | train_acc=0.9840 | test_loss=1.7220 | test_acc=0.9285
2026-05-18 11:32:12,027 | INFO | SpawnProcess-1 | stage1_run2 | Epoch 202 | train_loss=3.9519 | train_acc=0.9898 | test_loss=1.7726 | test_acc=0.9240
2026-05-18 11:32:26,420 | INFO | SpawnProcess-2 | stage1_run1 | Epoch 200 | train_loss=5.7298 | train_acc=0.9859 | test_loss=2.2708 | test_acc=0.9283
2026-05-18 11:32:30,100 | INFO | SpawnProcess-1 | stage1_run2 | Epoch 203 | train_loss=3.8982 | train_acc=0.9898 | test_loss=1.7591 | test_acc=0.9189
2026-05-18 11:32:47,710 | INFO | SpawnProcess-2 | stage1_run1 | Epoch 201 | train_loss=5.7692 | train_acc=0.9861 | test_loss=2.2610 | test_acc=0.9328
2026-05-18 11:32:52,676 | INFO | SpawnProcess-1 | stage1_run2 | Epoch 204 | train_loss=4.7631 | train_acc=0.9876 | test_loss=2.2370 | test_acc=0.9376
2026-05-18 11:33:08,655 | INFO | SpawnProcess-2 | stage1_run1 | Epoch 202 | train_loss=5.7202 | train_acc=0.9852 | test_loss=1.9924 | test_acc=0.9396
2026-05-18 11:33:16,008 | INFO | SpawnProcess-1 | stage1_run2 | Epoch 205 | train_loss=4.0104 | train_acc=0.9896 | test_loss=1.9253 | test_acc=0.9300
2026-05-18 11:33:29,631 | INFO | SpawnProcess-2 | stage1_run1 | Epoch 203 | train_loss=6.5831 | train_acc=0.9838 | test_loss=1.9076 | test_acc=0.9411
2026-05-18 11:33:34,332 | INFO | SpawnProcess-1 | stage1_run2 | Epoch 206 | train_loss=3.8585 | train_acc=0.9903 | test_loss=2.3907 | test_acc=0.9299
2026-05-18 11:33:49,612 | INFO | SpawnProcess-2 | stage1_run1 | Epoch 204 | train_loss=5.6454 | train_acc=0.9856 | test_loss=1.8452 | test_acc=0.9161
2026-05-18 11:33:55,837 | INFO | SpawnProcess-1 | stage1_run2 | Epoch 207 | train_loss=4.0538 | train_acc=0.9900 | test_loss=1.7691 | test_acc=0.9390
2026-05-18 11:34:09,608 | INFO | SpawnProcess-2 | stage1_run1 | Epoch 205 | train_loss=5.1723 | train_acc=0.9866 | test_loss=1.8767 | test_acc=0.9089
2026-05-18 11:34:17,956 | INFO | SpawnProcess-1 | stage1_run2 | Epoch 208 | train_loss=3.6449 | train_acc=0.9907 | test_loss=2.2060 | test_acc=0.9399
2026-05-18 11:34:31,223 | INFO | SpawnProcess-2 | stage1_run1 | Epoch 206 | train_loss=5.9317 | train_acc=0.9851 | test_loss=1.9279 | test_acc=0.9323
2026-05-18 11:34:42,664 | INFO | SpawnProcess-1 | stage1_run2 | Epoch 209 | train_loss=4.2943 | train_acc=0.9889 | test_loss=1.7785 | test_acc=0.9275
2026-05-18 11:34:50,236 | INFO | SpawnProcess-2 | stage1_run1 | Epoch 207 | train_loss=5.4201 | train_acc=0.9859 | test_loss=1.9119 | test_acc=0.9089
2026-05-18 11:35:01,514 | INFO | SpawnProcess-1 | stage1_run2 | Epoch 210 | train_loss=3.7373 | train_acc=0.9903 | test_loss=2.1614 | test_acc=0.9429
2026-05-18 11:35:12,047 | INFO | SpawnProcess-2 | stage1_run1 | Epoch 208 | train_loss=5.5947 | train_acc=0.9859 | test_loss=1.8730 | test_acc=0.9052
2026-05-18 11:35:21,113 | INFO | SpawnProcess-1 | stage1_run2 | Epoch 211 | train_loss=4.2876 | train_acc=0.9887 | test_loss=2.0131 | test_acc=0.9173
2026-05-18 11:35:33,966 | INFO | SpawnProcess-2 | stage1_run1 | Epoch 209 | train_loss=5.5435 | train_acc=0.9864 | test_loss=1.9715 | test_acc=0.9411
2026-05-18 11:35:43,818 | INFO | SpawnProcess-1 | stage1_run2 | Epoch 212 | train_loss=3.5337 | train_acc=0.9915 | test_loss=2.0326 | test_acc=0.9399
2026-05-18 11:35:55,440 | INFO | SpawnProcess-2 | stage1_run1 | Epoch 210 | train_loss=5.8632 | train_acc=0.9851 | test_loss=1.9839 | test_acc=0.9301
2026-05-18 11:36:03,804 | INFO | SpawnProcess-1 | stage1_run2 | Epoch 213 | train_loss=4.1101 | train_acc=0.9890 | test_loss=1.8329 | test_acc=0.9316
2026-05-18 11:36:15,672 | INFO | SpawnProcess-2 | stage1_run1 | Epoch 211 | train_loss=5.4200 | train_acc=0.9861 | test_loss=1.7704 | test_acc=0.9308
2026-05-18 11:36:23,019 | INFO | SpawnProcess-1 | stage1_run2 | Epoch 214 | train_loss=4.1249 | train_acc=0.9891 | test_loss=1.7833 | test_acc=0.9270
2026-05-18 11:36:35,923 | INFO | SpawnProcess-2 | stage1_run1 | Epoch 212 | train_loss=5.8039 | train_acc=0.9858 | test_loss=2.0190 | test_acc=0.9168
2026-05-18 11:36:45,481 | INFO | SpawnProcess-1 | stage1_run2 | Epoch 215 | train_loss=4.9964 | train_acc=0.9874 | test_loss=2.0932 | test_acc=0.9034
2026-05-18 11:36:54,975 | INFO | SpawnProcess-2 | stage1_run1 | Epoch 213 | train_loss=5.3802 | train_acc=0.9866 | test_loss=1.8927 | test_acc=0.9420
2026-05-18 11:37:09,128 | INFO | SpawnProcess-1 | stage1_run2 | Epoch 216 | train_loss=4.3612 | train_acc=0.9885 | test_loss=1.7607 | test_acc=0.9221
2026-05-18 11:37:15,146 | INFO | SpawnProcess-2 | stage1_run1 | Epoch 214 | train_loss=5.5216 | train_acc=0.9859 | test_loss=1.8528 | test_acc=0.9303
2026-05-18 11:37:30,758 | INFO | SpawnProcess-1 | stage1_run2 | Epoch 217 | train_loss=3.6104 | train_acc=0.9909 | test_loss=2.8046 | test_acc=0.8258
2026-05-18 11:37:38,223 | INFO | SpawnProcess-2 | stage1_run1 | Epoch 215 | train_loss=5.2968 | train_acc=0.9862 | test_loss=1.8850 | test_acc=0.9187
2026-05-18 11:37:51,205 | INFO | SpawnProcess-1 | stage1_run2 | Epoch 218 | train_loss=4.8503 | train_acc=0.9875 | test_loss=1.9479 | test_acc=0.9302
2026-05-18 11:38:00,038 | INFO | SpawnProcess-2 | stage1_run1 | Epoch 216 | train_loss=5.3894 | train_acc=0.9861 | test_loss=1.9125 | test_acc=0.9335
2026-05-18 11:38:16,150 | INFO | SpawnProcess-1 | stage1_run2 | Epoch 219 | train_loss=3.8763 | train_acc=0.9899 | test_loss=1.7794 | test_acc=0.9228
2026-05-18 11:38:18,454 | INFO | SpawnProcess-2 | stage1_run1 | Epoch 217 | train_loss=6.0609 | train_acc=0.9849 | test_loss=1.8566 | test_acc=0.9332
2026-05-18 11:38:38,196 | INFO | SpawnProcess-1 | stage1_run2 | Epoch 220 | train_loss=4.0240 | train_acc=0.9896 | test_loss=1.9867 | test_acc=0.9120
2026-05-18 11:38:39,287 | INFO | SpawnProcess-2 | stage1_run1 | Epoch 218 | train_loss=5.2116 | train_acc=0.9869 | test_loss=1.7693 | test_acc=0.9385
2026-05-18 11:38:58,693 | INFO | SpawnProcess-1 | stage1_run2 | Epoch 221 | train_loss=4.5188 | train_acc=0.9884 | test_loss=1.8060 | test_acc=0.9038
2026-05-18 11:38:59,060 | INFO | SpawnProcess-2 | stage1_run1 | Epoch 219 | train_loss=5.0278 | train_acc=0.9873 | test_loss=2.4244 | test_acc=0.9407
2026-05-18 11:39:16,417 | INFO | SpawnProcess-2 | stage1_run1 | Epoch 220 | train_loss=6.1169 | train_acc=0.9843 | test_loss=1.9853 | test_acc=0.9123
2026-05-18 11:39:18,832 | INFO | SpawnProcess-1 | stage1_run2 | Epoch 222 | train_loss=3.5581 | train_acc=0.9907 | test_loss=1.8133 | test_acc=0.9117
2026-05-18 11:39:38,373 | INFO | SpawnProcess-2 | stage1_run1 | Epoch 221 | train_loss=5.7317 | train_acc=0.9853 | test_loss=2.1369 | test_acc=0.9415
2026-05-18 11:39:40,111 | INFO | SpawnProcess-1 | stage1_run2 | Epoch 223 | train_loss=3.9524 | train_acc=0.9898 | test_loss=1.9801 | test_acc=0.9002
2026-05-18 11:40:01,235 | INFO | SpawnProcess-1 | stage1_run2 | Epoch 224 | train_loss=3.6851 | train_acc=0.9905 | test_loss=2.1879 | test_acc=0.9142
2026-05-18 11:40:02,779 | INFO | SpawnProcess-2 | stage1_run1 | Epoch 222 | train_loss=4.7997 | train_acc=0.9877 | test_loss=1.9911 | test_acc=0.9302
2026-05-18 11:40:21,982 | INFO | SpawnProcess-1 | stage1_run2 | Epoch 225 | train_loss=3.0523 | train_acc=0.9924 | test_loss=1.6596 | test_acc=0.9220
2026-05-18 11:40:25,590 | INFO | SpawnProcess-2 | stage1_run1 | Epoch 223 | train_loss=4.7178 | train_acc=0.9884 | test_loss=2.1009 | test_acc=0.9345
2026-05-18 11:40:42,530 | INFO | SpawnProcess-1 | stage1_run2 | Epoch 226 | train_loss=3.6740 | train_acc=0.9903 | test_loss=1.8197 | test_acc=0.9382
2026-05-18 11:40:48,696 | INFO | SpawnProcess-2 | stage1_run1 | Epoch 224 | train_loss=5.0583 | train_acc=0.9873 | test_loss=2.1564 | test_acc=0.9014
2026-05-18 11:41:02,882 | INFO | SpawnProcess-1 | stage1_run2 | Epoch 227 | train_loss=2.9663 | train_acc=0.9925 | test_loss=1.9410 | test_acc=0.8879
2026-05-18 11:41:12,295 | INFO | SpawnProcess-2 | stage1_run1 | Epoch 225 | train_loss=5.4975 | train_acc=0.9863 | test_loss=1.8243 | test_acc=0.9261
2026-05-18 11:41:24,562 | INFO | SpawnProcess-1 | stage1_run2 | Epoch 228 | train_loss=3.5985 | train_acc=0.9909 | test_loss=1.9479 | test_acc=0.8813
2026-05-18 11:41:34,703 | INFO | SpawnProcess-2 | stage1_run1 | Epoch 226 | train_loss=4.8996 | train_acc=0.9878 | test_loss=1.9172 | test_acc=0.9424
2026-05-18 11:41:45,029 | INFO | SpawnProcess-1 | stage1_run2 | Epoch 229 | train_loss=4.0731 | train_acc=0.9893 | test_loss=1.9299 | test_acc=0.9219
2026-05-18 11:41:56,252 | INFO | SpawnProcess-2 | stage1_run1 | Epoch 227 | train_loss=5.4435 | train_acc=0.9867 | test_loss=2.0609 | test_acc=0.9306
2026-05-18 11:42:07,638 | INFO | SpawnProcess-1 | stage1_run2 | Epoch 230 | train_loss=4.2880 | train_acc=0.9888 | test_loss=1.7284 | test_acc=0.9151
2026-05-18 11:42:18,277 | INFO | SpawnProcess-2 | stage1_run1 | Epoch 228 | train_loss=4.6371 | train_acc=0.9885 | test_loss=1.9063 | test_acc=0.9250
2026-05-18 11:42:25,648 | INFO | SpawnProcess-1 | stage1_run2 | Epoch 231 | train_loss=3.7146 | train_acc=0.9904 | test_loss=2.4461 | test_acc=0.9212
2026-05-18 11:42:36,182 | INFO | SpawnProcess-2 | stage1_run1 | Epoch 229 | train_loss=5.8665 | train_acc=0.9849 | test_loss=2.2917 | test_acc=0.8931
2026-05-18 11:42:45,360 | INFO | SpawnProcess-1 | stage1_run2 | Epoch 232 | train_loss=4.5052 | train_acc=0.9884 | test_loss=1.9737 | test_acc=0.9366
2026-05-18 11:42:54,837 | INFO | SpawnProcess-2 | stage1_run1 | Epoch 230 | train_loss=5.2947 | train_acc=0.9863 | test_loss=1.7515 | test_acc=0.9411
2026-05-18 11:43:08,767 | INFO | SpawnProcess-1 | stage1_run2 | Epoch 233 | train_loss=3.6025 | train_acc=0.9908 | test_loss=1.7058 | test_acc=0.9283
2026-05-18 11:43:15,465 | INFO | SpawnProcess-2 | stage1_run1 | Epoch 231 | train_loss=5.5269 | train_acc=0.9860 | test_loss=1.9348 | test_acc=0.9275
2026-05-18 11:43:28,315 | INFO | SpawnProcess-1 | stage1_run2 | Epoch 234 | train_loss=3.5781 | train_acc=0.9906 | test_loss=2.4407 | test_acc=0.9012
2026-05-18 11:43:34,964 | INFO | SpawnProcess-2 | stage1_run1 | Epoch 232 | train_loss=5.0505 | train_acc=0.9871 | test_loss=2.1407 | test_acc=0.9493
2026-05-18 11:43:50,802 | INFO | SpawnProcess-1 | stage1_run2 | Epoch 235 | train_loss=3.6097 | train_acc=0.9905 | test_loss=1.9913 | test_acc=0.9349
2026-05-18 11:43:59,951 | INFO | SpawnProcess-2 | stage1_run1 | Epoch 233 | train_loss=4.3428 | train_acc=0.9891 | test_loss=2.0287 | test_acc=0.9211
2026-05-18 11:44:10,105 | INFO | SpawnProcess-1 | stage1_run2 | Epoch 236 | train_loss=3.9870 | train_acc=0.9897 | test_loss=1.9180 | test_acc=0.9328
2026-05-18 11:44:17,710 | INFO | SpawnProcess-2 | stage1_run1 | Epoch 234 | train_loss=5.0450 | train_acc=0.9873 | test_loss=1.8883 | test_acc=0.9374
2026-05-18 11:44:31,755 | INFO | SpawnProcess-1 | stage1_run2 | Epoch 237 | train_loss=3.9485 | train_acc=0.9902 | test_loss=1.7288 | test_acc=0.9305
2026-05-18 11:44:38,380 | INFO | SpawnProcess-2 | stage1_run1 | Epoch 235 | train_loss=4.5006 | train_acc=0.9896 | test_loss=2.0994 | test_acc=0.9225
2026-05-18 11:44:52,435 | INFO | SpawnProcess-1 | stage1_run2 | Epoch 238 | train_loss=4.1205 | train_acc=0.9891 | test_loss=1.6736 | test_acc=0.9141
2026-05-18 11:45:01,483 | INFO | SpawnProcess-2 | stage1_run1 | Epoch 236 | train_loss=5.2822 | train_acc=0.9869 | test_loss=1.7919 | test_acc=0.9341
2026-05-18 11:45:14,501 | INFO | SpawnProcess-1 | stage1_run2 | Epoch 239 | train_loss=3.2337 | train_acc=0.9917 | test_loss=1.8099 | test_acc=0.9263
2026-05-18 11:45:21,426 | INFO | SpawnProcess-2 | stage1_run1 | Epoch 237 | train_loss=4.9924 | train_acc=0.9875 | test_loss=1.7216 | test_acc=0.9410
2026-05-18 11:45:35,344 | INFO | SpawnProcess-1 | stage1_run2 | Epoch 240 | train_loss=4.0094 | train_acc=0.9898 | test_loss=1.9687 | test_acc=0.8818
2026-05-18 11:45:46,124 | INFO | SpawnProcess-2 | stage1_run1 | Epoch 238 | train_loss=4.4759 | train_acc=0.9886 | test_loss=1.7590 | test_acc=0.9173
2026-05-18 11:45:57,692 | INFO | SpawnProcess-1 | stage1_run2 | Epoch 241 | train_loss=3.6776 | train_acc=0.9906 | test_loss=1.6045 | test_acc=0.9308
2026-05-18 11:46:07,567 | INFO | SpawnProcess-2 | stage1_run1 | Epoch 239 | train_loss=4.5981 | train_acc=0.9881 | test_loss=1.8346 | test_acc=0.9258
2026-05-18 11:46:19,306 | INFO | SpawnProcess-1 | stage1_run2 | Epoch 242 | train_loss=2.8721 | train_acc=0.9929 | test_loss=1.7589 | test_acc=0.9397
2026-05-18 11:46:28,751 | INFO | SpawnProcess-2 | stage1_run1 | Epoch 240 | train_loss=4.4811 | train_acc=0.9887 | test_loss=2.0145 | test_acc=0.9140
2026-05-18 11:46:42,142 | INFO | SpawnProcess-1 | stage1_run2 | Epoch 243 | train_loss=2.9083 | train_acc=0.9923 | test_loss=1.8012 | test_acc=0.9335
2026-05-18 11:46:52,499 | INFO | SpawnProcess-2 | stage1_run1 | Epoch 241 | train_loss=5.4923 | train_acc=0.9858 | test_loss=1.8090 | test_acc=0.9114
2026-05-18 11:47:05,236 | INFO | SpawnProcess-1 | stage1_run2 | Epoch 244 | train_loss=2.9270 | train_acc=0.9927 | test_loss=1.9279 | test_acc=0.9288
2026-05-18 11:47:14,643 | INFO | SpawnProcess-2 | stage1_run1 | Epoch 242 | train_loss=5.4256 | train_acc=0.9862 | test_loss=1.7968 | test_acc=0.9329
2026-05-18 11:47:26,767 | INFO | SpawnProcess-1 | stage1_run2 | Epoch 245 | train_loss=3.6955 | train_acc=0.9901 | test_loss=1.7034 | test_acc=0.9244
2026-05-18 11:47:40,225 | INFO | SpawnProcess-2 | stage1_run1 | Epoch 243 | train_loss=4.5233 | train_acc=0.9889 | test_loss=1.9798 | test_acc=0.9154
2026-05-18 11:47:49,884 | INFO | SpawnProcess-1 | stage1_run2 | Epoch 246 | train_loss=3.9338 | train_acc=0.9895 | test_loss=1.8006 | test_acc=0.9186
2026-05-18 11:48:02,362 | INFO | SpawnProcess-2 | stage1_run1 | Epoch 244 | train_loss=5.1499 | train_acc=0.9867 | test_loss=2.2630 | test_acc=0.9135
2026-05-18 11:48:10,345 | INFO | SpawnProcess-1 | stage1_run2 | Epoch 247 | train_loss=3.2185 | train_acc=0.9916 | test_loss=1.8127 | test_acc=0.9220
2026-05-18 11:48:26,046 | INFO | SpawnProcess-2 | stage1_run1 | Epoch 245 | train_loss=4.2273 | train_acc=0.9895 | test_loss=1.7850 | test_acc=0.9301
2026-05-18 11:48:33,854 | INFO | SpawnProcess-1 | stage1_run2 | Epoch 248 | train_loss=3.9423 | train_acc=0.9892 | test_loss=1.7949 | test_acc=0.9381
2026-05-18 11:48:50,232 | INFO | SpawnProcess-2 | stage1_run1 | Epoch 246 | train_loss=4.1125 | train_acc=0.9898 | test_loss=1.9028 | test_acc=0.9254
2026-05-18 11:48:56,055 | INFO | SpawnProcess-1 | stage1_run2 | Epoch 249 | train_loss=3.0927 | train_acc=0.9916 | test_loss=1.7566 | test_acc=0.9338
2026-05-18 11:49:10,551 | INFO | SpawnProcess-2 | stage1_run1 | Epoch 247 | train_loss=5.7858 | train_acc=0.9860 | test_loss=2.0548 | test_acc=0.9446
2026-05-18 11:49:15,023 | INFO | SpawnProcess-1 | stage1_run2 | Epoch 250 | train_loss=2.8252 | train_acc=0.9932 | test_loss=2.1200 | test_acc=0.9391
